Component: ARM Compiler 5.06 update 4 (build 422) Tool: armlink [4d35d2]

==============================================================================

Section Cross References

    os_core.o(.text) refers to os_cpu_a.o(OSKernelschedular) for OS_CPU_SR_Save
    os_core.o(.text) refers to os_core.o(.data) for OSIntNesting
    os_core.o(.text) refers to os_core.o(.constdata) for OSUnMapTbl
    os_core.o(.text) refers to os_core.o(.bss) for OSTCBPrioTbl
    os_core.o(.text) refers to os_task.o(.text) for OSTaskStkChk
    os_core.o(.text) refers to os_time.o(.text) for OSTimeDly
    os_core.o(.text) refers to os_cpu_c.o(.text) for OSTaskStatHook
    os_core.o(.text) refers to os_flag.o(.text) for OS_FlagInit
    os_core.o(.text) refers to os_mem.o(.text) for OS_MemInit
    os_core.o(.text) refers to os_q.o(.text) for OS_QInit
    os_core.o(.text) refers to os_tmr.o(.text) for OSTmr_Init
    os_core.o(.text) refers to os_dbg.o(.text) for OSDebugInit
    os_flag.o(.text) refers to os_cpu_a.o(OSKernelschedular) for OS_CPU_SR_Save
    os_flag.o(.text) refers to os_core.o(.text) for OS_Sched
    os_flag.o(.text) refers to os_core.o(.data) for OSIntNesting
    os_flag.o(.text) refers to os_core.o(.bss) for OSFlagTbl
    os_mbox.o(.text) refers to os_cpu_a.o(OSKernelschedular) for OS_CPU_SR_Save
    os_mbox.o(.text) refers to os_core.o(.text) for OS_EventWaitListInit
    os_mbox.o(.text) refers to os_core.o(.data) for OSIntNesting
    os_mem.o(.text) refers to os_cpu_a.o(OSKernelschedular) for OS_CPU_SR_Save
    os_mem.o(.text) refers to os_core.o(.text) for OS_StrLen
    os_mem.o(.text) refers to os_core.o(.data) for OSMemFreeList
    os_mem.o(.text) refers to os_core.o(.bss) for OSMemTbl
    os_mutex.o(.text) refers to os_cpu_a.o(OSKernelschedular) for OS_CPU_SR_Save
    os_mutex.o(.text) refers to os_core.o(.text) for OS_EventWaitListInit
    os_mutex.o(.text) refers to os_core.o(.data) for OSIntNesting
    os_mutex.o(.text) refers to os_core.o(.bss) for OSTCBPrioTbl
    os_q.o(.text) refers to os_cpu_a.o(OSKernelschedular) for OS_CPU_SR_Save
    os_q.o(.text) refers to os_core.o(.text) for OS_EventWaitListInit
    os_q.o(.text) refers to os_core.o(.data) for OSIntNesting
    os_q.o(.text) refers to os_core.o(.bss) for OSQTbl
    os_sem.o(.text) refers to os_cpu_a.o(OSKernelschedular) for OS_CPU_SR_Save
    os_sem.o(.text) refers to os_core.o(.text) for OS_EventWaitListInit
    os_sem.o(.text) refers to os_core.o(.data) for OSIntNesting
    os_task.o(.text) refers to os_cpu_a.o(OSKernelschedular) for OS_CPU_SR_Save
    os_task.o(.text) refers to os_core.o(.text) for OS_Sched
    os_task.o(.text) refers to os_cpu_c.o(.text) for OSTaskStkInit
    os_task.o(.text) refers to os_flag.o(.text) for OS_FlagUnlink
    os_task.o(.text) refers to os_core.o(.bss) for OSTCBPrioTbl
    os_task.o(.text) refers to os_core.o(.data) for OSTCBCur
    os_time.o(.text) refers to os_cpu_a.o(OSKernelschedular) for OS_CPU_SR_Save
    os_time.o(.text) refers to os_core.o(.text) for OS_Sched
    os_time.o(.text) refers to os_core.o(.data) for OSIntNesting
    os_time.o(.text) refers to os_core.o(.bss) for OSTCBPrioTbl
    os_tmr.o(.text) refers to os_core.o(.text) for OSSchedLock
    os_tmr.o(.text) refers to os_core.o(.data) for OSTmrFreeList
    os_tmr.o(.text) refers to os_core.o(.bss) for OSTmrWheelTbl
    os_tmr.o(.text) refers to os_sem.o(.text) for OSSemPost
    os_tmr.o(.text) refers to os_task.o(.text) for OSTaskCreateExt
    os_dbg.o(.text) refers to os_dbg.o(.constdata) for OSDebugEn
    os_dbg.o(.text) refers to os_core.o(.bss) for OSTmrTbl
    os_cpu_a.o(OSKernelschedular) refers to os_core.o(.data) for OSRunning
    os_cpu_c.o(.text) refers to app_hooks.o(.text) for App_TaskCreateHook
    os_cpu_c.o(.text) refers to os_tmr.o(.text) for OSTmrSignal
    os_cpu_c.o(.text) refers to tmp.o(.text) for HoldTask
    os_cpu_c.o(.text) refers to os_cpu_a.o(OSKernelschedular) for OS_CPU_SR_Save
    os_cpu_c.o(.text) refers to os_core.o(.text) for OSTimeTick
    os_cpu_c.o(.text) refers to os_cpu_c.o(.bss) for OS_CPU_ExceptStk
    os_cpu_c.o(.text) refers to os_cpu_c.o(.data) for OS_CPU_ExceptStkBase
    os_cpu_c.o(.text) refers to os_task.o(.text) for OS_TaskReturn
    os_cpu_c.o(.text) refers to os_core.o(.data) for OSIntNesting
    app.o(.text) refers to tmp.o(.text) for DisplayDipVal
    app.o(.text) refers to dipcomoperate.o(.text) for Diptask
    app.o(.text) refers to framstore.o(.text) for GetSysRunPara
    app.o(.text) refers to gpio_app.o(.text) for GetSysTime
    app.o(.text) refers to debug_frmwrk.o(.text) for printfcom0
    app.o(.text) refers to locoworksta.o(.text) for GetMyLocoWorkState
    app.o(.text) refers to mstcsspeed.o(.text) for GetMyEngRotSpd
    app.o(.text) refers to speed2.o(.text) for GetMySpeed2
    app.o(.text) refers to speed1.o(.text) for GetMySpeed1
    app.o(.text) refers to getdipprs.o(.text) for GetMyDip2Tmp
    app.o(.text) refers to system_lpc17xx.o(.text) for SystemInit
[...]
    GetReadFlshRecCnt                        0x0000eac7   Thumb Code    34  datacard.o(.text)
    IndicateWriteCardFinsh                   0x0000eae9   Thumb Code    34  datacard.o(.text)
    IndicateWriteCardFlgErr                  0x0000eb0b   Thumb Code    44  datacard.o(.text)
    IndicateUSBFlgErr                        0x0000eb37   Thumb Code    44  datacard.o(.text)
    IndicateRecordFinsh                      0x0000eb63   Thumb Code    48  datacard.o(.text)
    IndicateCardFull                         0x0000eb93   Thumb Code    42  datacard.o(.text)
    IndicateWriteNoFinsh                     0x0000ebbd   Thumb Code    32  datacard.o(.text)
    DataCard                                 0x0000ebdd   Thumb Code   554  datacard.o(.text)
    DataCardPartRead                         0x0000ee07   Thumb Code   118  datacard.o(.text)
    GetUnFihCardEvtFlg                       0x0000ee7d   Thumb Code     6  datacard.o(.text)
    ResetUnFihCardEvtFlg                     0x0000ee83   Thumb Code     8  datacard.o(.text)
    ReadCopyCardDisplay                      0x0000ee8b   Thumb Code    32  datacard.o(.text)
    GetCardMaxRecNum                         0x0000eeab   Thumb Code    18  datacard.o(.text)
    ReadCardFlg                              0x0000eed5   Thumb Code    86  operatecard.o(.text)
    WriteCardFlg                             0x0000ef2b   Thumb Code     2  operatecard.o(.text)
    IndicatePullOutCard                      0x0000ef2d   Thumb Code    22  operatecard.o(.text)
    IndicateCardTypErr                       0x0000ef43   Thumb Code    46  operatecard.o(.text)
    IndicateCardNoSet                        0x0000ef71   Thumb Code    46  operatecard.o(.text)
    IndicateCardNoDef                        0x0000ef9f   Thumb Code    46  operatecard.o(.text)
    OperationCard                            0x0000efcd   Thumb Code   794  operatecard.o(.text)
    CardTask                                 0x0000f2e7   Thumb Code   186  operatecard.o(.text)
    JudgeCardEvt                             0x0000f3a1   Thumb Code    64  operatecard.o(.text)
    SetSucceedIndicate                       0x0000f3e1   Thumb Code     2  paracard.o(.text)
    StoreErrIndicate                         0x0000f3e3   Thumb Code    24  paracard.o(.text)
    CrcCheckErrIndicate                      0x0000f3fb   Thumb Code    24  paracard.o(.text)
    ModCard                                  0x0000f413   Thumb Code    94  paracard.o(.text)
    ReadCardPara                             0x0000f471   Thumb Code    40  paracard.o(.text)
    WriteCardPara                            0x0000f499   Thumb Code    32  paracard.o(.text)
    GetCardDensityVal                        0x0000f4b9   Thumb Code    86  paracard.o(.text)
    DensityCard                              0x0000f50f   Thumb Code    86  paracard.o(.text)
    DenDataCard                              0x0000f565   Thumb Code    28  paracard.o(.text)
    SetDataCard                              0x0000f581   Thumb Code    16  paracard.o(.text)
    HightCard                                0x0000f591   Thumb Code   216  paracard.o(.text)
    ModelSelectCard                          0x0000f669   Thumb Code    62  paracard.o(.text)
    FixCard                                  0x0000f6a7   Thumb Code   110  paracard.o(.text)
    ExpandCard                               0x0000f715   Thumb Code   362  paracard.o(.text)
    SetDen                                   0x0000f881   Thumb Code    88  equimentoperate.o(.text)
    SetCalcPara                              0x0000f8d9   Thumb Code    60  equimentoperate.o(.text)
    SetHight                                 0x0000f915   Thumb Code   156  equimentoperate.o(.text)
    SetSel                                   0x0000f9b1   Thumb Code    60  equimentoperate.o(.text)
    SetFix                                   0x0000f9ed   Thumb Code   100  equimentoperate.o(.text)
    GetModelCardFlg                          0x0000fa51   Thumb Code     6  equimentoperate.o(.text)
    ClearModelCardFlg                        0x0000fa57   Thumb Code     8  equimentoperate.o(.text)
    SetModel                                 0x0000fa5f   Thumb Code   360  equimentoperate.o(.text)
    ComSendData                              0x0000fbc7   Thumb Code   542  equimentoperate.o(.text)
    printfcom2flshrec                        0x0000fde5   Thumb Code    78  equimentoperate.o(.text)
    GetLed1Com2Flg                           0x0000fe69   Thumb Code     6  equimentcom.o(.text)
    GetLed2Com3Flg                           0x0000fe6f   Thumb Code     6  equimentcom.o(.text)
    GetFramRecEndFlgCom2                     0x0000fe75   Thumb Code    10  equimentcom.o(.text)
    GetFramRecEndFlgCom3                     0x0000fe7f   Thumb Code    10  equimentcom.o(.text)
    ClearFramRecEndFlgCom3                   0x0000fe89   Thumb Code     8  equimentcom.o(.text)
    ClearFramRecEndFlgCom2                   0x0000fe91   Thumb Code     8  equimentcom.o(.text)
    ClearFramRecEndFlg                       0x0000fe99   Thumb Code     8  equimentcom.o(.text)
    ReadRs485DataCom2                        0x0000fea1   Thumb Code    18  equimentcom.o(.text)
    ReadRs485DataCom3                        0x0000feb3   Thumb Code    18  equimentcom.o(.text)
    GetRecaddr                               0x0000fec5   Thumb Code     6  equimentcom.o(.text)
    GetRecFlg                                0x0000fecb   Thumb Code     6  equimentcom.o(.text)
    GetSendDataComFlg                        0x0000fed1   Thumb Code     6  equimentcom.o(.text)
    ClearSendDataComFlg                      0x0000fed7   Thumb Code     8  equimentcom.o(.text)
    GetReadDataDisplayTime                   0x0000fedf   Thumb Code     6  equimentcom.o(.text)
    CarddataOperate                          0x0000fee5   Thumb Code   560  equimentcom.o(.text)
    GetGprsCommNum                           0x00010115   Thumb Code    18  equimentcom.o(.text)
    CSNR_RecDeal                             0x00010127   Thumb Code   756  equimentcom.o(.text)
    GetHostBuf                               0x0001041b   Thumb Code     6  equimentcom.o(.text)
    HostStationSend_CSNR                     0x00010421   Thumb Code    30  equimentcom.o(.text)
    HostScan                                 0x0001043f   Thumb Code   296  equimentcom.o(.text)
    EquipmentComTask                         0x00010567   Thumb Code   100  equimentcom.o(.text)
    StoresDistFram                           0x00010619   Thumb Code    54  storespeed.o(.text)
    ReadDistFram                             0x0001064f   Thumb Code   212  storespeed.o(.text)
    ReadDist                                 0x00010723   Thumb Code    44  storespeed.o(.text)
    StoresDist                               0x0001074f   Thumb Code    16  storespeed.o(.text)
    GetFrq1SumCnt                            0x000107c9   Thumb Code     6  speed1.o(.text)
    TIMER0_IRQHandler                        0x000107cf   Thumb Code   148  speed1.o(.text)
    GetMySpeed1                              0x00010863   Thumb Code     6  speed1.o(.text)
    GetMyAddSpeed1                           0x00010869   Thumb Code     6  speed1.o(.text)
    GetSpeedPluse1                           0x0001086f   Thumb Code    60  speed1.o(.text)
    CalcSpeed1                               0x000108ab   Thumb Code   108  speed1.o(.text)
    GetMyKileMeter                           0x00010917   Thumb Code     6  speed1.o(.text)
    CalcDist                                 0x0001091d   Thumb Code   162  speed1.o(.text)
    SpeedAndDistTast                         0x000109bf   Thumb Code    42  speed1.o(.text)
    GetFrq2SumCnt                            0x00010a21   Thumb Code     6  speed2.o(.text)
    TIMER1_IRQHandler                        0x00010a27   Thumb Code   138  speed2.o(.text)
    GetMySpeed2                              0x00010ab1   Thumb Code     6  speed2.o(.text)
    GetMyAddSpeed2                           0x00010ab7   Thumb Code     6  speed2.o(.text)
    GetSpeedPluse2                           0x00010abd   Thumb Code    82  speed2.o(.text)
    CalcSpeed2                               0x00010b0f   Thumb Code   124  speed2.o(.text)
    GetFrq3SumCnt                            0x00010bed   Thumb Code     6  mstcsspeed.o(.text)
    TIMER2_IRQHandler                        0x00010bf3   Thumb Code   138  mstcsspeed.o(.text)
    GetMyEngRotSpd                           0x00010c7d   Thumb Code     6  mstcsspeed.o(.text)
    GetSpeedPlusecs                          0x00010c83   Thumb Code    60  mstcsspeed.o(.text)
    CalcSpeedcs                              0x00010cbf   Thumb Code    62  mstcsspeed.o(.text)
    InitLocoStaIO                            0x00010d21   Thumb Code    36  locoworksta.o(.text)
    ReadLOCO_LW                              0x00010d45   Thumb Code    18  locoworksta.o(.text)
    ReadLOCO_QY                              0x00010d57   Thumb Code    18  locoworksta.o(.text)
    ReadLOCO_ZD                              0x00010d69   Thumb Code    18  locoworksta.o(.text)
    ReadLOCO_BK                              0x00010d7b   Thumb Code    18  locoworksta.o(.text)
    GetMyLocoWorkState                       0x00010d8d   Thumb Code     6  locoworksta.o(.text)
    CheckLocoStaTask                         0x00010d93   Thumb Code   170  locoworksta.o(.text)
    __aeabi_uldivmod                         0x00010e45   Thumb Code     0  lludivv7m.o(.text)
    _ll_udiv                                 0x00010e45   Thumb Code   238  lludivv7m.o(.text)
    __c89vsprintf                            0x00010f35   Thumb Code    32  c89vsprintf.o(.text)
    memcmp                                   0x00010f59   Thumb Code    88  memcmp.o(.text)
    strlen                                   0x00010fb1   Thumb Code    62  strlen.o(.text)
    __aeabi_memcpy                           0x00010fef   Thumb Code     0  rt_memcpy_v6.o(.text)
    __rt_memcpy                              0x00010fef   Thumb Code   138  rt_memcpy_v6.o(.text)
    _memcpy_lastbytes                        0x00011055   Thumb Code     0  rt_memcpy_v6.o(.text)
    __aeabi_memcpy4                          0x00011079   Thumb Code     0  rt_memcpy_w.o(.text)
    __aeabi_memcpy8                          0x00011079   Thumb Code     0  rt_memcpy_w.o(.text)
    __rt_memcpy_w                            0x00011079   Thumb Code   100  rt_memcpy_w.o(.text)
    _memcpy_lastbytes_aligned                0x000110c1   Thumb Code     0  rt_memcpy_w.o(.text)
    __aeabi_memclr4                          0x000110dd   Thumb Code     0  rt_memclr_w.o(.text)
    __aeabi_memclr8                          0x000110dd   Thumb Code     0  rt_memclr_w.o(.text)
    __rt_memclr_w                            0x000110dd   Thumb Code    78  rt_memclr_w.o(.text)
    _memset_w                                0x000110e1   Thumb Code     0  rt_memclr_w.o(.text)
    strcmp                                   0x0001112d   Thumb Code   128  strcmpv7m.o(.text)
    __use_two_region_memory                  0x000111ad   Thumb Code     2  heapauxi.o(.text)
    __rt_heap_escrow$2region                 0x000111af   Thumb Code     2  heapauxi.o(.text)
    __rt_heap_expand$2region                 0x000111b1   Thumb Code     2  heapauxi.o(.text)
    _printf_pre_padding                      0x000111b3   Thumb Code    44  _printf_pad.o(.text)
    _printf_post_padding                     0x000111df   Thumb Code    34  _printf_pad.o(.text)
    _printf_truncate_signed                  0x00011201   Thumb Code    18  _printf_truncate.o(.text)
    _printf_truncate_unsigned                0x00011213   Thumb Code    18  _printf_truncate.o(.text)
    _printf_str                              0x00011225   Thumb Code    82  _printf_str.o(.text)
    _printf_int_dec                          0x00011279   Thumb Code   104  _printf_dec.o(.text)
    _printf_charcount                        0x000112f1   Thumb Code    40  _printf_charcount.o(.text)
    _printf_char_common                      0x00011323   Thumb Code    32  _printf_char_common.o(.text)
    _sputc                                   0x00011349   Thumb Code    10  _sputc.o(.text)
    _printf_wctomb                           0x00011355   Thumb Code   182  _printf_wctomb.o(.text)
    _printf_longlong_dec                     0x00011411   Thumb Code   108  _printf_longlong_dec.o(.text)
    _printf_longlong_oct                     0x0001148d   Thumb Code    66  _printf_oct_int_ll.o(.text)
    _printf_int_oct                          0x000114cf   Thumb Code    24  _printf_oct_int_ll.o(.text)
    _printf_ll_oct                           0x000114e7   Thumb Code    12  _printf_oct_int_ll.o(.text)
    _printf_longlong_hex                     0x000114fd   Thumb Code    86  _printf_hex_int_ll_ptr.o(.text)
    _printf_int_hex                          0x00011553   Thumb Code    28  _printf_hex_int_ll_ptr.o(.text)
    _printf_ll_hex                           0x0001156f   Thumb Code    12  _printf_hex_int_ll_ptr.o(.text)
    _printf_hex_ptr                          0x0001157b   Thumb Code    18  _printf_hex_int_ll_ptr.o(.text)
    __printf                                 0x00011591   Thumb Code   388  __printf_flags_ss_wp.o(.text)
    __user_libspace                          0x00011719   Thumb Code     8  libspace.o(.text)
    __user_perproc_libspace                  0x00011719   Thumb Code     0  libspace.o(.text)
    __user_perthread_libspace                0x00011719   Thumb Code     0  libspace.o(.text)
    __rt_ctype_table                         0x00011721   Thumb Code    16  rt_ctype_table.o(.text)
    _ll_udiv10                               0x00011731   Thumb Code   138  lludiv10.o(.text)
    _printf_int_common                       0x000117bb   Thumb Code   178  _printf_intcommon.o(.text)
    __lib_sel_fp_printf                      0x0001186d   Thumb Code     2  _printf_fp_dec.o(.text)
    _printf_fp_dec_real                      0x00011a1b   Thumb Code   620  _printf_fp_dec.o(.text)
    _printf_cs_common                        0x00011c87   Thumb Code    20  _printf_char.o(.text)
    _printf_char                             0x00011c9b   Thumb Code    16  _printf_char.o(.text)
    _printf_string                           0x00011cab   Thumb Code     8  _printf_char.o(.text)
    _printf_lcs_common                       0x00011cb3   Thumb Code    20  _printf_wchar.o(.text)
    _printf_wchar                            0x00011cc7   Thumb Code    16  _printf_wchar.o(.text)
    _printf_wstring                          0x00011cd7   Thumb Code     8  _printf_wchar.o(.text)
    _wcrtomb                                 0x00011cdf   Thumb Code    64  _wcrtomb.o(.text)
    __user_setup_stackheap                   0x00011d1f   Thumb Code    74  sys_stackheap_outer.o(.text)
    __rt_locale                              0x00011d69   Thumb Code     8  rt_locale_intlibspace.o(.text)
    _printf_fp_infnan                        0x00011d71   Thumb Code   112  _printf_fp_infnan.o(.text)
    _btod_etento                             0x00011df1   Thumb Code   216  bigflt0.o(.text)
    exit                                     0x00011ecd   Thumb Code    18  exit.o(.text)
    _sys_exit                                0x00011ee1   Thumb Code     8  sys_exit.o(.text)
    __I$use$semihosting                      0x00011eed   Thumb Code     0  use_no_semi.o(.text)
    __use_no_semihosting_swi                 0x00011eed   Thumb Code     2  use_no_semi.o(.text)
    __semihosting_library_function           0x00011eef   Thumb Code     0  indicate_semi.o(.text)
    _btod_d2e                                0x00011eef   Thumb Code    62  btod.o(CL$$btod_d2e)
    _d2e_denorm_low                          0x00011f2d   Thumb Code    70  btod.o(CL$$btod_d2e_denorm_low)
    _d2e_norm_op1                            0x00011f73   Thumb Code    96  btod.o(CL$$btod_d2e_norm_op1)
    __btod_div_common                        0x00011fd3   Thumb Code   696  btod.o(CL$$btod_div_common)
    _e2e                                     0x0001230b   Thumb Code   198  btod.o(CL$$btod_e2e)
    _btod_ediv                               0x000123d1   Thumb Code    40  btod.o(CL$$btod_ediv)
    _btod_emul                               0x000123f9   Thumb Code    40  btod.o(CL$$btod_emul)
    __btod_mult_common                       0x00012421   Thumb Code   580  btod.o(CL$$btod_mult_common)
    OS_CPU_SR_Save                           0x00012665   Thumb Code     0  os_cpu_a.o(OSKernelschedular)
    OS_CPU_SR_Restore                        0x0001266d   Thumb Code     0  os_cpu_a.o(OSKernelschedular)
    OSStartHighRdy                           0x00012673   Thumb Code     0  os_cpu_a.o(OSKernelschedular)
    OSCtxSw                                  0x00012693   Thumb Code     0  os_cpu_a.o(OSKernelschedular)
    OSIntCtxSw                               0x0001269d   Thumb Code     0  os_cpu_a.o(OSKernelschedular)
    OS_CPU_PendSVHandler                     0x000126a7   Thumb Code     0  os_cpu_a.o(OSKernelschedular)
    IntDisAll                                0x000126df   Thumb Code     0  os_cpu_a.o(OSKernelschedular)
    __ARM_fpclassify                         0x00012705   Thumb Code    40  fpclassify.o(i.__ARM_fpclassify)
    _is_digit                                0x0001272d   Thumb Code    14  __printf_wp.o(i._is_digit)
    _get_lc_ctype                            0x0001273d   Thumb Code    44  lc_ctype_c.o(locale$$code)
    _get_lc_numeric                          0x00012769   Thumb Code    44  lc_numeric_c.o(locale$$code)
    __fpl_dcmp_Inf                           0x00012795   Thumb Code    24  dcmpi.o(x$fpl$dcmpinf)
    __aeabi_d2uiz                            0x000127ad   Thumb Code     0  dfixu.o(x$fpl$dfixu)
    _dfixu                                   0x000127ad   Thumb Code    90  dfixu.o(x$fpl$dfixu)
    __aeabi_i2d                              0x00012807   Thumb Code     0  dflt_clz.o(x$fpl$dflt)
    _dflt                                    0x00012807   Thumb Code    46  dflt_clz.o(x$fpl$dflt)
    __aeabi_ui2d                             0x00012835   Thumb Code     0  dflt_clz.o(x$fpl$dfltu)
    _dfltu                                   0x00012835   Thumb Code    38  dflt_clz.o(x$fpl$dfltu)
    __aeabi_cdcmple                          0x0001285d   Thumb Code     0  dleqf.o(x$fpl$dleqf)
    _dcmple                                  0x0001285d   Thumb Code   120  dleqf.o(x$fpl$dleqf)
    __fpl_dcmple_InfNaN                      0x000128bf   Thumb Code     0  dleqf.o(x$fpl$dleqf)
    __aeabi_dmul                             0x000128d5   Thumb Code     0  dmul.o(x$fpl$dmul)
    _dmul                                    0x000128d5   Thumb Code   332  dmul.o(x$fpl$dmul)
    __fpl_dnaninf                            0x00012a29   Thumb Code   156  dnaninf.o(x$fpl$dnaninf)
    __fpl_dretinf                            0x00012ac5   Thumb Code    12  dretinf.o(x$fpl$dretinf)
    __aeabi_cdrcmple                         0x00012ad1   Thumb Code     0  drleqf.o(x$fpl$drleqf)
    _drcmple                                 0x00012ad1   Thumb Code   108  drleqf.o(x$fpl$drleqf)
    __aeabi_f2d                              0x00012b3d   Thumb Code     0  f2d.o(x$fpl$f2d)
    _f2d                                     0x00012b3d   Thumb Code    86  f2d.o(x$fpl$f2d)
    __aeabi_fadd                             0x00012b95   Thumb Code     0  faddsub_clz.o(x$fpl$fadd)
    _fadd                                    0x00012b95   Thumb Code   196  faddsub_clz.o(x$fpl$fadd)
    __fpl_fcmp_Inf                           0x00012c59   Thumb Code    24  fcmpi.o(x$fpl$fcmpinf)
    __aeabi_fdiv                             0x00012c71   Thumb Code     0  fdiv.o(x$fpl$fdiv)
    _fdiv                                    0x00012c71   Thumb Code   384  fdiv.o(x$fpl$fdiv)
    __aeabi_cfcmpeq                          0x00012df5   Thumb Code     0  feqf.o(x$fpl$feqf)
    _fcmpeq                                  0x00012df5   Thumb Code   104  feqf.o(x$fpl$feqf)
    __aeabi_f2iz                             0x00012e5d   Thumb Code     0  ffix.o(x$fpl$ffix)
    _ffix                                    0x00012e5d   Thumb Code    54  ffix.o(x$fpl$ffix)
    __aeabi_f2uiz                            0x00012e95   Thumb Code     0  ffixu.o(x$fpl$ffixu)
    _ffixu                                   0x00012e95   Thumb Code    62  ffixu.o(x$fpl$ffixu)
    __aeabi_i2f                              0x00012ed5   Thumb Code     0  fflt_clz.o(x$fpl$fflt)
    _fflt                                    0x00012ed5   Thumb Code    48  fflt_clz.o(x$fpl$fflt)
    __aeabi_ui2f                             0x00012f05   Thumb Code     0  fflt_clz.o(x$fpl$ffltu)
    _ffltu                                   0x00012f05   Thumb Code    38  fflt_clz.o(x$fpl$ffltu)
    __aeabi_cfcmple                          0x00012f2d   Thumb Code     0  fleqf.o(x$fpl$fleqf)
    _fcmple                                  0x00012f2d   Thumb Code   104  fleqf.o(x$fpl$fleqf)
    __fpl_fcmple_InfNaN                      0x00012f7f   Thumb Code     0  fleqf.o(x$fpl$fleqf)
    __aeabi_fmul                             0x00012f95   Thumb Code     0  fmul.o(x$fpl$fmul)
    _fmul                                    0x00012f95   Thumb Code   258  fmul.o(x$fpl$fmul)
    __fpl_fnaninf                            0x00013097   Thumb Code   140  fnaninf.o(x$fpl$fnaninf)
    __fpl_fretinf                            0x00013123   Thumb Code    10  fretinf.o(x$fpl$fretinf)
    __aeabi_cfrcmple                         0x0001312d   Thumb Code     0  frleqf.o(x$fpl$frleqf)
    _frcmple                                 0x0001312d   Thumb Code    98  frleqf.o(x$fpl$frleqf)
    __aeabi_fsub                             0x00013191   Thumb Code     0  faddsub_clz.o(x$fpl$fsub)
    _fsub                                    0x00013191   Thumb Code   234  faddsub_clz.o(x$fpl$fsub)
    _printf_fp_dec                           0x0001327b   Thumb Code     4  printf1.o(x$fpl$printf1)
    OSUnMapTbl                               0x0001327e   Data         256  os_core.o(.constdata)
    __I$use$fp                               0x0001327e   Number         0  usenofp.o(x$fpl$usenofp)
    OSDebugEn                                0x00013380   Data           2  os_dbg.o(.constdata)
    OSEndiannessTest                         0x00013384   Data           4  os_dbg.o(.constdata)
    OSEventEn                                0x00013388   Data           2  os_dbg.o(.constdata)
    OSEventMax                               0x0001338a   Data           2  os_dbg.o(.constdata)
    OSEventNameEn                            0x0001338c   Data           2  os_dbg.o(.constdata)
    OSEventSize                              0x0001338e   Data           2  os_dbg.o(.constdata)
    OSEventTblSize                           0x00013390   Data           2  os_dbg.o(.constdata)
    OSEventMultiEn                           0x00013392   Data           2  os_dbg.o(.constdata)
    OSFlagEn                                 0x00013394   Data           2  os_dbg.o(.constdata)
    OSFlagGrpSize                            0x00013396   Data           2  os_dbg.o(.constdata)
    OSFlagNodeSize                           0x00013398   Data           2  os_dbg.o(.constdata)
    OSFlagWidth                              0x0001339a   Data           2  os_dbg.o(.constdata)
    OSFlagMax                                0x0001339c   Data           2  os_dbg.o(.constdata)
    OSFlagNameEn                             0x0001339e   Data           2  os_dbg.o(.constdata)
    OSLowestPrio                             0x000133a0   Data           2  os_dbg.o(.constdata)
    OSMboxEn                                 0x000133a2   Data           2  os_dbg.o(.constdata)
    OSMemEn                                  0x000133a4   Data           2  os_dbg.o(.constdata)
    OSMemMax                                 0x000133a6   Data           2  os_dbg.o(.constdata)
    OSMemNameEn                              0x000133a8   Data           2  os_dbg.o(.constdata)
    OSMemSize                                0x000133aa   Data           2  os_dbg.o(.constdata)
    OSMemTblSize                             0x000133ac   Data           2  os_dbg.o(.constdata)
    OSMutexEn                                0x000133ae   Data           2  os_dbg.o(.constdata)
    OSPtrSize                                0x000133b0   Data           2  os_dbg.o(.constdata)
    OSQEn                                    0x000133b2   Data           2  os_dbg.o(.constdata)
    OSQMax                                   0x000133b4   Data           2  os_dbg.o(.constdata)
    OSQSize                                  0x000133b6   Data           2  os_dbg.o(.constdata)
    OSRdyTblSize                             0x000133b8   Data           2  os_dbg.o(.constdata)
    OSSemEn                                  0x000133ba   Data           2  os_dbg.o(.constdata)
    OSStkWidth                               0x000133bc   Data           2  os_dbg.o(.constdata)
    OSTaskCreateEn                           0x000133be   Data           2  os_dbg.o(.constdata)
    OSTaskCreateExtEn                        0x000133c0   Data           2  os_dbg.o(.constdata)
    OSTaskDelEn                              0x000133c2   Data           2  os_dbg.o(.constdata)
    OSTaskIdleStkSize                        0x000133c4   Data           2  os_dbg.o(.constdata)
    OSTaskProfileEn                          0x000133c6   Data           2  os_dbg.o(.constdata)
    OSTaskMax                                0x000133c8   Data           2  os_dbg.o(.constdata)
    OSTaskNameEn                             0x000133ca   Data           2  os_dbg.o(.constdata)
    OSTaskStatEn                             0x000133cc   Data           2  os_dbg.o(.constdata)
    OSTaskStatStkSize                        0x000133ce   Data           2  os_dbg.o(.constdata)
    OSTaskStatStkChkEn                       0x000133d0   Data           2  os_dbg.o(.constdata)
    OSTaskSwHookEn                           0x000133d2   Data           2  os_dbg.o(.constdata)
    OSTCBPrioTblMax                          0x000133d4   Data           2  os_dbg.o(.constdata)
    OSTCBSize                                0x000133d6   Data           2  os_dbg.o(.constdata)
    OSTicksPerSec                            0x000133d8   Data           2  os_dbg.o(.constdata)
    OSTimeTickHookEn                         0x000133da   Data           2  os_dbg.o(.constdata)
    OSVersionNbr                             0x000133dc   Data           2  os_dbg.o(.constdata)
    OSTmrEn                                  0x000133de   Data           2  os_dbg.o(.constdata)
    OSTmrCfgMax                              0x000133e0   Data           2  os_dbg.o(.constdata)
    OSTmrCfgNameEn                           0x000133e2   Data           2  os_dbg.o(.constdata)
    OSTmrCfgWheelSize                        0x000133e4   Data           2  os_dbg.o(.constdata)
    OSTmrCfgTicksPerSec                      0x000133e6   Data           2  os_dbg.o(.constdata)
    OSTmrSize                                0x000133e8   Data           2  os_dbg.o(.constdata)
    OSTmrTblSize                             0x000133ea   Data           2  os_dbg.o(.constdata)
    OSTmrWheelSize                           0x000133ec   Data           2  os_dbg.o(.constdata)
    OSTmrWheelTblSize                        0x000133ee   Data           2  os_dbg.o(.constdata)
    OSDataSize                               0x000133f0   Data           2  os_dbg.o(.constdata)
    sd_crc16_table                           0x00013430   Data         512  crccheck.o(.constdata)
    Region$$Table$$Base                      0x00013910   Number         0  anon$$obj.o(Region$$Table)
    Region$$Table$$Limit                     0x00013950   Number         0  anon$$obj.o(Region$$Table)
    __ctype                                  0x0001395d   Data           0  lc_ctype_c.o(locale$$data)
    SystemCoreClock                          0x10000000   Data           4  system_lpc17xx.o(.data)
    flsherrflg                               0x10000004   Data           1  mx25l1602drv.o(.data)
    l_COM1TempRev                            0x10000008   Data           1  uart1.o(.data)
    RecNumCOM1                               0x10000009   Data           1  uart1.o(.data)
    l_COM1EndFlg                             0x1000000a   Data           1  uart1.o(.data)
    l_COM1ConnTime                           0x1000000c   Data           4  uart1.o(.data)
    l_COM1StartFlg                           0x10000010   Data           1  uart1.o(.data)
    l_COM1TimeOutFlg                         0x10000011   Data           1  uart1.o(.data)
    l_COM1FramRecEndFlg                      0x10000012   Data           1  uart1.o(.data)
    Com1RecTmp0                              0x10000013   Data           1  uart1.o(.data)
    Com1RecTmp1                              0x10000014   Data           1  uart1.o(.data)
    Com1RecTmp2                              0x10000015   Data           1  uart1.o(.data)
    com1framend0times                        0x10000016   Data           1  uart1.o(.data)
    l_hosterrnum                             0x10000018   Data           1  uart0001.o(.data)
    l_diperrflg                              0x10000019   Data           1  uart0001.o(.data)
    l_hosterrflg                             0x1000001a   Data           1  uart0001.o(.data)
    l_DipComErrFlg                           0x1000023c   Data           1  getdipprs.o(.data)
    l_Dip1ComErrFlg                          0x1000023d   Data           1  getdipprs.o(.data)
    l_Dip2ComErrFlg                          0x1000023e   Data           1  getdipprs.o(.data)
    l_Dip1Prs                                0x10000240   Data           2  getdipprs.o(.data)
    l_Dip2Prs                                0x10000242   Data           2  getdipprs.o(.data)
    l_Dip1Tmp                                0x10000244   Data           1  getdipprs.o(.data)
    l_Dip2Tmp                                0x10000245   Data           1  getdipprs.o(.data)
    l_Dip1ErrCod                             0x10000246   Data           1  getdipprs.o(.data)
    l_Dip2ErrCod                             0x10000247   Data           1  getdipprs.o(.data)
    l_dip1den                                0x10000248   Data           2  getdipprs.o(.data)
    l_dip2den                                0x1000024a   Data           2  getdipprs.o(.data)
    l_Dip1DataErrFlg                         0x1000024c   Data           1  getdipprs.o(.data)
    l_Dip2DataErrFlg                         0x1000024d   Data           1  getdipprs.o(.data)
    l_Voltage                                0x10000294   Data           2  power.o(.data)
    l_Current                                0x10000296   Data           2  power.o(.data)
    l_Power                                  0x10000298   Data           2  power.o(.data)
    l_PosEnergy                              0x1000029c   Data           4  power.o(.data)
    l_NegEnergy                              0x100002a0   Data           4  power.o(.data)
    l_led0com1flg                            0x100002b0   Data           1  dipcomoperate.o(.data)
    l_recaddrdip                             0x100002b1   Data           1  dipcomoperate.o(.data)
    l_com1dip1Errflg                         0x100002b2   Data           1  dipcomoperate.o(.data)
    l_com1dip2Errflg                         0x100002b3   Data           1  dipcomoperate.o(.data)
    l_com1SetModelflg                        0x100002b4   Data           1  dipcomoperate.o(.data)
    l_recFlgdip                              0x100002b5   Data           1  dipcomoperate.o(.data)
    l_setmodelflg                            0x100002b6   Data           1  dipcomoperate.o(.data)
    sentendflgdip                            0x100002b7   Data           1  dipcomoperate.o(.data)
    l_hostevtflg                             0x100002e0   Data           1  tmp.o(.data)
    l_TaxBefFlg                              0x10000300   Data           1  tax2.o(.data)
    l_TaxBakFlg                              0x10000301   Data           1  tax2.o(.data)
    l_Tax2ComErrFlg                          0x10000302   Data           1  tax2.o(.data)
    l_TaxBefErrFlg                           0x10000303   Data           1  tax2.o(.data)
    l_TaxBakErrFlg                           0x10000304   Data           1  tax2.o(.data)
    m_TaxNoErrFlg                            0x10000305   Data           1  tax2.o(.data)
    m_NoSpeedFlg                             0x10000306   Data           1  tax2.o(.data)
    l_recslaveaddr                           0x10000314   Data           1  csnr.o(.data)
    l_FramWriteErrEvtFlg                     0x10000316   Data           1  framstore.o(.data)
    l_FramReadErrEvtFlg                      0x10000317   Data           1  framstore.o(.data)
    l_ReadDataFlg                            0x10000318   Data           1  framstore.o(.data)
    mFramWordTestErrFlg                      0x10000319   Data           1  framstore.o(.data)
    l_CardType                               0x10000324   Data           2  operatecard.o(.data)
    l_FlgZoneErrEvent                        0x10000326   Data           1  operatecard.o(.data)
    l_modelcardflg                           0x10000334   Data           1  equimentoperate.o(.data)
    mPluseSumCnt1                            0x10000340   Data           4  speed2.o(.data)
    m_Time1Sum                               0x10000344   Data           4  speed2.o(.data)
    m_AddPluse1                              0x10000348   Data           4  speed2.o(.data)
    m_Pluse1ChgFlg                           0x1000034c   Data           4  speed2.o(.data)
    l_speed2                                 0x10000358   Data           2  speed2.o(.data)
    l_addspeed2                              0x1000035c   Data           4  speed2.o(.data)
    l_locoworksta                            0x10000368   Data           1  locoworksta.o(.data)
    OS_CPU_ExceptStk                         0x10000370   Data         512  os_cpu_c.o(.bss)
    l_sTAX2                                  0x10000fa0   Data          72  tax2.o(.bss)
    m_sCardFlg                               0x100011e8   Data        3424  cardtest.o(.bss)
    m_sModelCard                             0x10001f48   Data        5956  cardtest.o(.bss)
    m_sModel                                 0x1000368c   Data         208  cardtest.o(.bss)
    __libspace_start                         0x1000395c   Data          96  libspace.o(.bss)
    __temporary_stack_top$libspace           0x100039bc   Data           0  libspace.o(.bss)
    OSCtxSwCtr                               0x2007c000   Data           4  os_core.o(.data)
    OSEventFreeList                          0x2007c004   Data           4  os_core.o(.data)
    OSFlagFreeList                           0x2007c008   Data           4  os_core.o(.data)
    OSCPUUsage                               0x2007c00c   Data           1  os_core.o(.data)
    OSIdleCtrMax                             0x2007c010   Data           4  os_core.o(.data)
    OSIdleCtrRun                             0x2007c014   Data           4  os_core.o(.data)
    OSStatRdy                                0x2007c018   Data           1  os_core.o(.data)
    OSIntNesting                             0x2007c019   Data           1  os_core.o(.data)
    OSLockNesting                            0x2007c01a   Data           1  os_core.o(.data)
    OSPrioCur                                0x2007c01b   Data           1  os_core.o(.data)
    OSPrioHighRdy                            0x2007c01c   Data           1  os_core.o(.data)
    OSRdyGrp                                 0x2007c01d   Data           1  os_core.o(.data)
    OSRdyTbl                                 0x2007c01e   Data           8  os_core.o(.data)
    OSRunning                                0x2007c026   Data           1  os_core.o(.data)
    OSTaskCtr                                0x2007c027   Data           1  os_core.o(.data)
    OSIdleCtr                                0x2007c028   Data           4  os_core.o(.data)
    OSTCBCur                                 0x2007c02c   Data           4  os_core.o(.data)
    OSTCBFreeList                            0x2007c030   Data           4  os_core.o(.data)
    OSTCBHighRdy                             0x2007c034   Data           4  os_core.o(.data)
    OSTCBList                                0x2007c038   Data           4  os_core.o(.data)
    OSTickStepState                          0x2007c03c   Data           1  os_core.o(.data)
    OSMemFreeList                            0x2007c040   Data           4  os_core.o(.data)
    OSQFreeList                              0x2007c044   Data           4  os_core.o(.data)
    OSTime                                   0x2007c048   Data           4  os_core.o(.data)
    OSTmrFree                                0x2007c04c   Data           2  os_core.o(.data)
    OSTmrUsed                                0x2007c04e   Data           2  os_core.o(.data)
    OSTmrTime                                0x2007c050   Data           4  os_core.o(.data)
    OSTmrSem                                 0x2007c054   Data           4  os_core.o(.data)
    OSTmrSemSignal                           0x2007c058   Data           4  os_core.o(.data)
    OSTmrFreeList                            0x2007c05c   Data           4  os_core.o(.data)
    OS_CPU_ExceptStkBase                     0x2007c060   Data           4  os_cpu_c.o(.data)
    _db_msg                                  0x2007c06c   Data           4  debug_frmwrk.o(.data)
    _db_msg_                                 0x2007c070   Data           4  debug_frmwrk.o(.data)
    _db_char                                 0x2007c074   Data           4  debug_frmwrk.o(.data)
    _db_dec                                  0x2007c078   Data           4  debug_frmwrk.o(.data)
    _db_dec_16                               0x2007c07c   Data           4  debug_frmwrk.o(.data)
    _db_dec_32                               0x2007c080   Data           4  debug_frmwrk.o(.data)
    _db_hex                                  0x2007c084   Data           4  debug_frmwrk.o(.data)
    _db_hex_16                               0x2007c088   Data           4  debug_frmwrk.o(.data)
    _db_hex_32                               0x2007c08c   Data           4  debug_frmwrk.o(.data)
    _db_get_char                             0x2007c090   Data           4  debug_frmwrk.o(.data)
    l_COM2TempRev                            0x2007c094   Data           1  uart2.o(.data)
    RecNumCOM2                               0x2007c095   Data           1  uart2.o(.data)
    l_COM2EndFlg                             0x2007c096   Data           1  uart2.o(.data)
    l_COM2ConnTime                           0x2007c098   Data           4  uart2.o(.data)
    l_COM2StartFlg                           0x2007c09c   Data           1  uart2.o(.data)
    l_COM2TimeOutFlg                         0x2007c09d   Data           1  uart2.o(.data)
    l_COM2FramRecEndFlg                      0x2007c09e   Data           1  uart2.o(.data)
    com2RecTmp0                              0x2007c09f   Data           1  uart2.o(.data)
    com2RecTmp1                              0x2007c0a0   Data           1  uart2.o(.data)
    com2RecTmp2                              0x2007c0a1   Data           1  uart2.o(.data)
    com2framend0times                        0x2007c0a2   Data           1  uart2.o(.data)
    l_COM3TempRev                            0x2007c0a4   Data           1  uart3.o(.data)
    RecNumCom3                               0x2007c0a5   Data           1  uart3.o(.data)
    l_COM3EndFlg                             0x2007c0a6   Data           1  uart3.o(.data)
    l_COM3ConnTime                           0x2007c0a8   Data           4  uart3.o(.data)
    l_COM3StartFlg                           0x2007c0ac   Data           1  uart3.o(.data)
    l_COM3TimeOutFlg                         0x2007c0ad   Data           1  uart3.o(.data)
    l_COM3FramRecEndFlg                      0x2007c0ae   Data           1  uart3.o(.data)
    com3RecTmp0                              0x2007c0af   Data           1  uart3.o(.data)
    com3RecTmp1                              0x2007c0b0   Data           1  uart3.o(.data)
    com3RecTmp2                              0x2007c0b1   Data           1  uart3.o(.data)
    com3rectmp                               0x2007c0b4   Data           4  uart3.o(.data)
    l_COM0TempRev                            0x2007c0bc   Data           1  uart0.o(.data)
    RecNumCOM0                               0x2007c0bd   Data           1  uart0.o(.data)
    l_COM0EndFlg                             0x2007c0be   Data           1  uart0.o(.data)
    l_COM0ConnTime                           0x2007c0c0   Data           4  uart0.o(.data)
    l_COM0StartFlg                           0x2007c0c4   Data           1  uart0.o(.data)
    l_COM0TimeOutFlg                         0x2007c0c5   Data           1  uart0.o(.data)
    l_COM0FramRecEndFlg                      0x2007c0c6   Data           1  uart0.o(.data)
    BatterVal                                0x2007c0c8   Data           4  adc.o(.data)
    g_DipVal                                 0x2007c0d8   Data           4  globepara.o(.data)
    g_DipDisVal                              0x2007c0dc   Data           4  globepara.o(.data)
    g_Dip1Frq                                0x2007c0e0   Data           2  globepara.o(.data)
    g_Dip2Frq                                0x2007c0e2   Data           2  globepara.o(.data)
    g_CurFlshRecNum                          0x2007c0e4   Data           4  globepara.o(.data)
    g_LshRedFlshRecNum                       0x2007c0e8   Data           4  globepara.o(.data)
    g_LshRedFlshRecNum_gprs                  0x2007c0ec   Data           4  globepara.o(.data)
    g_PullCardTime                           0x2007c0f0   Data           4  globepara.o(.data)
    g_TestModelFlg                           0x2007c0f4   Data           4  globepara.o(.data)
    l_gprsrecflg                             0x2007c0f8   Data           1  cnsccomdeal.o(.data)
    LedNumCode                               0x2007c108   Data          16  display.o(.data)
    LedCharCode                              0x2007c118   Data          97  display.o(.data)
    sLed                                     0x2007c18c   Data         192  led.o(.data)
    HLAB_i                                   0x2007c24c   Data           1  led.o(.data)
    CurentTime                               0x2007c250   Data           4  led.o(.data)
    l_SelModelErrFlg                         0x2007c254   Data           1  dealoilbox.o(.data)
    l_CurDipAvgPrs                           0x2007c898   Data           2  mathdipval.o(.data)
    l_DipStorePrs                            0x2007c89a   Data           2  mathdipval.o(.data)
    l_PrsChgState                            0x2007c89c   Data           1  mathdipval.o(.data)
    l_Dip1Frq10SecChg                        0x2007c89e   Data           2  mathdipval.o(.data)
    l_Dip2Frq10SecChg                        0x2007c8a0   Data           2  mathdipval.o(.data)
    l_ModelErrFlg                            0x2007c8a2   Data           1  mathdipval.o(.data)
    l_DensityErrFlg                          0x2007c8a3   Data           1  mathdipval.o(.data)
    l_ReviseHight                            0x2007c8a4   Data           4  mathdipval.o(.data)
    l_Density                                0x2007c8a8   Data           4  mathdipval.o(.data)
    l_AddDipVal                              0x2007c8ac   Data           4  mathdipval.o(.data)
    l_SetParaFlg                             0x2007c8b0   Data           1  mathdipval.o(.data)
    l_ModelParaErrFlg                        0x2007c8b1   Data           1  mathdipval.o(.data)
    l_Spi0Len                                0x2007c8f4   Data           4  card.o(.data)
    l_Spi0Point                              0x2007c8f8   Data           4  card.o(.data)
    Spi0FinishFlg                            0x2007c8fc   Data           1  card.o(.data)
    l_CardPageSize                           0x2007c900   Data           4  card.o(.data)
    l_CardStartAddr                          0x2007c904   Data           4  card.o(.data)
    l_CardPageNum                            0x2007c908   Data           4  card.o(.data)
    l_CardTypeFlg                            0x2007c90c   Data           1  card.o(.data)
    l_CardErrorFlg                           0x2007c918   Data           1  card.o(.data)
    l_LongTimePlugCardErrFlg                 0x2007c919   Data           1  card.o(.data)
    l_UnFihCardEvtFlg                        0x2007c91a   Data           1  datacard.o(.data)
    l_led1com2flg                            0x2007c91c   Data           1  equimentcom.o(.data)
    l_led2com3flg                            0x2007c91d   Data           1  equimentcom.o(.data)
    l_befaddr                                0x2007c91e   Data           1  equimentcom.o(.data)
    l_eqiupmentcode                          0x2007c920   Data           4  equimentcom.o(.data)
    sentendflg                               0x2007c924   Data           1  equimentcom.o(.data)
    l_senddatacomflg                         0x2007c925   Data           1  equimentcom.o(.data)
    l_senddatastartnum                       0x2007c928   Data           4  equimentcom.o(.data)
    l_senddataendnum                         0x2007c92c   Data           4  equimentcom.o(.data)
    l_readdatadisplaytime                    0x2007c930   Data           4  equimentcom.o(.data)
    l_sequipmentcomm                         0x2007c934   Data           2  equimentcom.o(.data)
    mPluseSumCnt0                            0x2007c958   Data           4  speed1.o(.data)
    m_Time0Sum                               0x2007c95c   Data           4  speed1.o(.data)
    m_AddPluse0                              0x2007c960   Data           4  speed1.o(.data)
    m_Pluse0ChgFlg                           0x2007c964   Data           4  speed1.o(.data)
    l_speed1                                 0x2007c970   Data           2  speed1.o(.data)
    l_addspeed1                              0x2007c974   Data           4  speed1.o(.data)
    l_kilemeter                              0x2007c978   Data           4  speed1.o(.data)
    mPluseSumCntcs                           0x2007c98c   Data           4  mstcsspeed.o(.data)
    m_TimecsSum                              0x2007c990   Data           4  mstcsspeed.o(.data)
    m_AddPlusecs                             0x2007c994   Data           4  mstcsspeed.o(.data)
    m_PlusecsChgFlg                          0x2007c998   Data           4  mstcsspeed.o(.data)
    l_speedcs                                0x2007c9a4   Data           2  mstcsspeed.o(.data)
    OSEventTbl                               0x2007c9ac   Data         240  os_core.o(.bss)
    OSFlagTbl                                0x2007ca9c   Data          80  os_core.o(.bss)
    OSTaskStatStk                            0x2007caec   Data         512  os_core.o(.bss)
    OSTaskIdleStk                            0x2007ccec   Data         512  os_core.o(.bss)
    OSTCBPrioTbl                             0x2007ceec   Data         256  os_core.o(.bss)
    OSTCBTbl                                 0x2007cfec   Data        1936  os_core.o(.bss)
    OSMemTbl                                 0x2007d77c   Data         120  os_core.o(.bss)
    OSQTbl                                   0x2007d7f4   Data          96  os_core.o(.bss)
    OSTmrTbl                                 0x2007d854   Data         640  os_core.o(.bss)
    OSTmrTaskStk                             0x2007dad4   Data         512  os_core.o(.bss)
    OSTmrWheelTbl                            0x2007dcd4   Data          64  os_core.o(.bss)
    com3recbuftmp                            0x2007e32c   Data         256  uart3.o(.bss)
    sErrFIFO                                 0x2007e62c   Data          12  uart0001.o(.bss)
    gErrBuf                                  0x2007e638   Data          20  uart0001.o(.bss)
    sStoreErrFIFO                            0x2007e64c   Data          12  uart0001.o(.bss)
    gStoreErrBuf                             0x2007e658   Data          20  uart0001.o(.bss)
    l_sDip1CommData                          0x2007e86c   Data          36  dipcomoperate.o(.bss)
    l_sDip2CommData                          0x2007e890   Data          36  dipcomoperate.o(.bss)
    l_sendsprotocolpara                      0x2007eab4   Data          12  cnsccomdeal.o(.bss)
    l_recsprotocolpara                       0x2007eac0   Data          12  cnsccomdeal.o(.bss)
    sDisplay                                 0x2007eccc   Data         200  display.o(.bss)
    sDisplayBak                              0x2007ed94   Data         200  display.o(.bss)
    l_sModel                                 0x2007f05c   Data         808  mathdipval.o(.bss)



==============================================================================

Memory Map of the image

  Image Entry point : 0x000000cd

  Load Region LR_IROM1 (Base: 0x00000000, Size: 0x00014798, Max: 0x00080000, ABSOLUTE, COMPRESSED[0x00013e34])

    Execution Region ER_IROM1 (Base: 0x00000000, Size: 0x00013a7c, Max: 0x00080000, ABSOLUTE)

    Base Addr    Size         Type   Attr      Idx    E Section Name        Object

    0x00000000   0x000000cc   Data   RO          374    RESET               startup_lpc17xx.o
    0x000000cc   0x00000008   Code   RO         2487  * !!!main             c_w.l(__main.o)
    0x000000d4   0x00000034   Code   RO         2882    !!!scatter          c_w.l(__scatter.o)
    0x00000108   0x0000005a   Code   RO         2880    !!dczerorl2         c_w.l(__dczerorl2.o)
    0x00000162   0x00000002   PAD
    0x00000164   0x0000001c   Code   RO         2884    !!handler_zi        c_w.l(__scatter_zi.o)
    0x00000180   0x00000000   Code   RO         2630    .ARM.Collect$$_printf_percent$$00000000  c_w.l(_printf_percent.o)
    0x00000180   0x00000006   Code   RO         2619    .ARM.Collect$$_printf_percent$$00000001  c_w.l(_printf_n.o)
    0x00000186   0x00000006   Code   RO         2621    .ARM.Collect$$_printf_percent$$00000002  c_w.l(_printf_p.o)
    0x0000018c   0x00000006   Code   RO         2626    .ARM.Collect$$_printf_percent$$00000003  c_w.l(_printf_f.o)
    0x00000192   0x00000006   Code   RO         2627    .ARM.Collect$$_printf_percent$$00000004  c_w.l(_printf_e.o)
    0x00000198   0x00000006   Code   RO         2628    .ARM.Collect$$_printf_percent$$00000005  c_w.l(_printf_g.o)
    0x0000019e   0x00000006   Code   RO         2629    .ARM.Collect$$_printf_percent$$00000006  c_w.l(_printf_a.o)
    0x000001a4   0x0000000a   Code   RO         2634    .ARM.Collect$$_printf_percent$$00000007  c_w.l(_printf_ll.o)
    0x000001ae   0x00000006   Code   RO         2623    .ARM.Collect$$_printf_percent$$00000008  c_w.l(_printf_i.o)
    0x000001b4   0x00000006   Code   RO         2624    .ARM.Collect$$_printf_percent$$00000009  c_w.l(_printf_d.o)
    0x000001ba   0x00000006   Code   RO         2625    .ARM.Collect$$_printf_percent$$0000000A  c_w.l(_printf_u.o)
    0x000001c0   0x00000006   Code   RO         2622    .ARM.Collect$$_printf_percent$$0000000B  c_w.l(_printf_o.o)
    0x000001c6   0x00000006   Code   RO         2620    .ARM.Collect$$_printf_percent$$0000000C  c_w.l(_printf_x.o)
    0x000001cc   0x00000006   Code   RO         2631    .ARM.Collect$$_printf_percent$$0000000D  c_w.l(_printf_lli.o)
    0x000001d2   0x00000006   Code   RO         2632    .ARM.Collect$$_printf_percent$$0000000E  c_w.l(_printf_lld.o)
    0x000001d8   0x00000006   Code   RO         2633    .ARM.Collect$$_printf_percent$$0000000F  c_w.l(_printf_llu.o)
    0x000001de   0x00000006   Code   RO         2638    .ARM.Collect$$_printf_percent$$00000010  c_w.l(_printf_llo.o)
    0x000001e4   0x00000006   Code   RO         2639    .ARM.Collect$$_printf_percent$$00000011  c_w.l(_printf_llx.o)
    0x000001ea   0x0000000a   Code   RO         2635    .ARM.Collect$$_printf_percent$$00000012  c_w.l(_printf_l.o)
    0x000001f4   0x00000006   Code   RO         2617    .ARM.Collect$$_printf_percent$$00000013  c_w.l(_printf_c.o)
    0x000001fa   0x00000006   Code   RO         2618    .ARM.Collect$$_printf_percent$$00000014  c_w.l(_printf_s.o)
    0x00000200   0x00000006   Code   RO         2636    .ARM.Collect$$_printf_percent$$00000015  c_w.l(_printf_lc.o)
    0x00000206   0x00000006   Code   RO         2637    .ARM.Collect$$_printf_percent$$00000016  c_w.l(_printf_ls.o)
    0x0000020c   0x00000004   Code   RO         2691    .ARM.Collect$$_printf_percent$$00000017  c_w.l(_printf_percent_end.o)
    0x00000210   0x00000002   Code   RO         2749    .ARM.Collect$$libinit$$00000000  c_w.l(libinit.o)
    0x00000212   0x00000000   Code   RO         2763    .ARM.Collect$$libinit$$00000002  c_w.l(libinit2.o)
    0x00000212   0x00000000   Code   RO         2765    .ARM.Collect$$libinit$$00000004  c_w.l(libinit2.o)
    0x00000212   0x00000000   Code   RO         2768    .ARM.Collect$$libinit$$0000000A  c_w.l(libinit2.o)
    0x00000212   0x00000000   Code   RO         2770    .ARM.Collect$$libinit$$0000000C  c_w.l(libinit2.o)
    0x00000212   0x00000000   Code   RO         2772    .ARM.Collect$$libinit$$0000000E  c_w.l(libinit2.o)
    0x00000212   0x00000006   Code   RO         2773    .ARM.Collect$$libinit$$0000000F  c_w.l(libinit2.o)
    0x00000218   0x00000000   Code   RO         2775    .ARM.Collect$$libinit$$00000011  c_w.l(libinit2.o)
    0x00000218   0x0000000c   Code   RO         2776    .ARM.Collect$$libinit$$00000012  c_w.l(libinit2.o)
    0x00000224   0x00000000   Code   RO         2777    .ARM.Collect$$libinit$$00000013  c_w.l(libinit2.o)
    0x00000224   0x00000000   Code   RO         2779    .ARM.Collect$$libinit$$00000015  c_w.l(libinit2.o)
    0x00000224   0x0000000a   Code   RO         2780    .ARM.Collect$$libinit$$00000016  c_w.l(libinit2.o)
    0x0000022e   0x00000000   Code   RO         2781    .ARM.Collect$$libinit$$00000017  c_w.l(libinit2.o)
    0x0000022e   0x00000000   Code   RO         2783    .ARM.Collect$$libinit$$00000019  c_w.l(libinit2.o)
    0x0000022e   0x00000000   Code   RO         2785    .ARM.Collect$$libinit$$0000001B  c_w.l(libinit2.o)
    0x0000022e   0x00000000   Code   RO         2787    .ARM.Collect$$libinit$$0000001D  c_w.l(libinit2.o)
    0x0000022e   0x00000000   Code   RO         2789    .ARM.Collect$$libinit$$0000001F  c_w.l(libinit2.o)
    0x0000022e   0x00000000   Code   RO         2791    .ARM.Collect$$libinit$$00000021  c_w.l(libinit2.o)
    0x0000022e   0x00000000   Code   RO         2793    .ARM.Collect$$libinit$$00000023  c_w.l(libinit2.o)
    0x0000022e   0x00000000   Code   RO         2795    .ARM.Collect$$libinit$$00000025  c_w.l(libinit2.o)
    0x0000022e   0x00000000   Code   RO         2799    .ARM.Collect$$libinit$$0000002C  c_w.l(libinit2.o)
    0x0000022e   0x00000000   Code   RO         2801    .ARM.Collect$$libinit$$0000002E  c_w.l(libinit2.o)
    0x0000022e   0x00000000   Code   RO         2803    .ARM.Collect$$libinit$$00000030  c_w.l(libinit2.o)
    0x0000022e   0x00000000   Code   RO         2805    .ARM.Collect$$libinit$$00000032  c_w.l(libinit2.o)
    0x0000022e   0x00000002   Code   RO         2806    .ARM.Collect$$libinit$$00000033  c_w.l(libinit2.o)
    0x00000230   0x00000002   Code   RO         2837    .ARM.Collect$$libshutdown$$00000000  c_w.l(libshutdown.o)
    0x00000232   0x00000000   Code   RO         2863    .ARM.Collect$$libshutdown$$00000002  c_w.l(libshutdown2.o)
    0x00000232   0x00000000   Code   RO         2865    .ARM.Collect$$libshutdown$$00000004  c_w.l(libshutdown2.o)
    0x00000232   0x00000000   Code   RO         2868    .ARM.Collect$$libshutdown$$00000007  c_w.l(libshutdown2.o)
    0x00000232   0x00000000   Code   RO         2871    .ARM.Collect$$libshutdown$$0000000A  c_w.l(libshutdown2.o)
    0x00000232   0x00000000   Code   RO         2873    .ARM.Collect$$libshutdown$$0000000C  c_w.l(libshutdown2.o)
    0x00000232   0x00000000   Code   RO         2876    .ARM.Collect$$libshutdown$$0000000F  c_w.l(libshutdown2.o)
    0x00000232   0x00000002   Code   RO         2877    .ARM.Collect$$libshutdown$$00000010  c_w.l(libshutdown2.o)
    0x00000234   0x00000000   Code   RO         2539    .ARM.Collect$$rtentry$$00000000  c_w.l(__rtentry.o)
    0x00000234   0x00000000   Code   RO         2661    .ARM.Collect$$rtentry$$00000002  c_w.l(__rtentry2.o)
    0x00000234   0x00000006   Code   RO         2673    .ARM.Collect$$rtentry$$00000004  c_w.l(__rtentry4.o)
    0x0000023a   0x00000000   Code   RO         2663    .ARM.Collect$$rtentry$$00000009  c_w.l(__rtentry2.o)
    0x0000023a   0x00000004   Code   RO         2664    .ARM.Collect$$rtentry$$0000000A  c_w.l(__rtentry2.o)
    0x0000023e   0x00000000   Code   RO         2666    .ARM.Collect$$rtentry$$0000000C  c_w.l(__rtentry2.o)
    0x0000023e   0x00000008   Code   RO         2667    .ARM.Collect$$rtentry$$0000000D  c_w.l(__rtentry2.o)
    0x00000246   0x00000002   Code   RO         2754    .ARM.Collect$$rtexit$$00000000  c_w.l(rtexit.o)
    0x00000248   0x00000000   Code   RO         2810    .ARM.Collect$$rtexit$$00000002  c_w.l(rtexit2.o)
    0x00000248   0x00000004   Code   RO         2811    .ARM.Collect$$rtexit$$00000003  c_w.l(rtexit2.o)
    0x0000024c   0x00000006   Code   RO         2812    .ARM.Collect$$rtexit$$00000004  c_w.l(rtexit2.o)
    0x00000252   0x00000002   PAD
    0x00000254   0x00000008   Code   RO         1881    .emb_text           watchdog.o
    0x0000025c   0x00000cf0   Code   RO            1    .text               os_core.o
    0x00000f4c   0x0000080c   Code   RO           33    .text               os_flag.o
    0x00001758   0x000001e4   Code   RO           61    .text               os_mem.o
    0x0000193c   0x00000600   Code   RO           85    .text               os_q.o
    0x00001f3c   0x000003a4   Code   RO           97    .text               os_sem.o
    0x000022e0   0x00000828   Code   RO          109    .text               os_task.o
    0x00002b08   0x000001b0   Code   RO          121    .text               os_time.o
    0x00002cb8   0x00000670   Code   RO          133    .text               os_tmr.o
    0x00003328   0x0000015c   Code   RO          145    .text               os_dbg.o
    0x00003484   0x00000190   Code   RO          168    .text               os_cpu_c.o
    0x00003614   0x00000180   Code   RO          194    .text               app.o
    0x00003794   0x00000010   Code   RO          349    .text               app_hooks.o
    0x000037a4   0x0000003c   Code   RO          375    .text               startup_lpc17xx.o
    0x000037e0   0x0000028c   Code   RO          382    .text               system_lpc17xx.o
    0x00003a6c   0x0000050c   Code   RO          412    .text               debug_frmwrk.o
    0x00003f78   0x00000338   Code   RO          455    .text               lpc17xx_adc.o
    0x000042b0   0x00000140   Code   RO          518    .text               lpc17xx_clkpwr.o
    0x000043f0   0x00000004   Code   RO          732    .text               lpc17xx_libcfg_default.o
    0x000043f4   0x00000100   Code   RO          801    .text               lpc17xx_pinsel.o
    0x000044f4   0x000006b4   Code   RO          957    .text               lpc17xx_ssp.o
    0x00004ba8   0x00000180   Code   RO          981    .text               lpc17xx_systick.o
    0x00004d28   0x00000660   Code   RO         1005    .text               lpc17xx_timer.o
    0x00005388   0x00000e50   Code   RO         1029    .text               lpc17xx_uart.o
    0x000061d8   0x00000230   Code   RO         1056    .text               lpc17xx_wdt.o
    0x00006408   0x0000040c   Code   RO         1080    .text               lpc17xx_gpio.o
    0x00006814   0x00000044   Code   RO         1104    .text               gpio_test.o
    0x00006858   0x000005c4   Code   RO         1134    .text               mx25l1602drv.o
    0x00006e1c   0x0000013c   Code   RO         1176    .text               gpio_app.o
    0x00006f58   0x00000364   Code   RO         1203    .text               uart1.o
    0x000072bc   0x0000033c   Code   RO         1235    .text               uart2.o
    0x000075f8   0x000003b4   Code   RO         1263    .text               uart3.o
    0x000079ac   0x000006e4   Code   RO         1291    .text               uart0001.o
    0x00008090   0x00000160   Code   RO         1319    .text               uart0002.o
    0x000081f0   0x000002d0   Code   RO         1346    .text               uart0.o
    0x000084c0   0x000000fc   Code   RO         1374    .text               adc.o
    0x000085bc   0x00000154   Code   RO         1402    .text               timer.o
    0x00008710   0x00000098   Code   RO         1432    .text               crccheck.o
    0x000087a8   0x00000156   Code   RO         1461    .text               fifo.o
    0x000088fe   0x00000002   PAD
    0x00008900   0x000007f4   Code   RO         1512    .text               getdipprs.o
    0x000090f4   0x000002dc   Code   RO         1543    .text               power.o
    0x000093d0   0x00000eb4   Code   RO         1571    .text               dipcomoperate.o
    0x0000a284   0x00000788   Code   RO         1602    .text               tmp.o
    0x0000aa0c   0x00000288   Code   RO         1638    .text               tax2.o
    0x0000ac94   0x00000270   Code   RO         1672    .text               csnr.o
    0x0000af04   0x000001f0   Code   RO         1700    .text               cnsccomdeal.o
    0x0000b0f4   0x00000264   Code   RO         1731    .text               cnscpackdeal.o
    0x0000b358   0x00000c7c   Code   RO         1760    .text               framstore.o
    0x0000bfd4   0x000005ec   Code   RO         1791    .text               display.o
    0x0000c5c0   0x0000031c   Code   RO         1822    .text               ds3231.o
    0x0000c8dc   0x000002c8   Code   RO         1852    .text               led.o
    0x0000cba4   0x00000034   Code   RO         1882    .text               watchdog.o
    0x0000cbd8   0x00000196   Code   RO         1911    .text               iic.o
    0x0000cd6e   0x00000136   Code   RO         1937    .text               softspi_17xx.o
    0x0000cea4   0x000000f4   Code   RO         1963    .text               fram.o
    0x0000cf98   0x000002fc   Code   RO         1992    .text               dealoilbox.o
    0x0000d294   0x000002c4   Code   RO         2020    .text               storerec.o
    0x0000d558   0x00000a28   Code   RO         2048    .text               mathdipval.o
    0x0000df80   0x00000a50   Code   RO         2113    .text               card.o
    0x0000e9d0   0x00000504   Code   RO         2145    .text               datacard.o
    0x0000eed4   0x0000050c   Code   RO         2186    .text               operatecard.o
    0x0000f3e0   0x0000049e   Code   RO         2215    .text               paracard.o
    0x0000f87e   0x00000002   PAD
    0x0000f880   0x000005e8   Code   RO         2269    .text               equimentoperate.o
    0x0000fe68   0x000007b0   Code   RO         2298    .text               equimentcom.o
    0x00010618   0x000001b0   Code   RO         2326    .text               storespeed.o
    0x000107c8   0x00000258   Code   RO         2352    .text               speed1.o
    0x00010a20   0x000001cc   Code   RO         2380    .text               speed2.o
    0x00010bec   0x00000134   Code   RO         2408    .text               mstcsspeed.o
    0x00010d20   0x00000124   Code   RO         2436    .text               locoworksta.o
    0x00010e44   0x000000ee   Code   RO         2463    .text               c_w.l(lludivv7m.o)
    0x00010f32   0x00000002   PAD
    0x00010f34   0x00000024   Code   RO         2465    .text               c_w.l(c89vsprintf.o)
    0x00010f58   0x00000058   Code   RO         2471    .text               c_w.l(memcmp.o)
    0x00010fb0   0x0000003e   Code   RO         2475    .text               c_w.l(strlen.o)
    0x00010fee   0x0000008a   Code   RO         2477    .text               c_w.l(rt_memcpy_v6.o)
    0x00011078   0x00000064   Code   RO         2479    .text               c_w.l(rt_memcpy_w.o)
    0x000110dc   0x0000004e   Code   RO         2481    .text               c_w.l(rt_memclr_w.o)
    0x0001112a   0x00000002   PAD
    0x0001112c   0x00000080   Code   RO         2483    .text               c_w.l(strcmpv7m.o)
    0x000111ac   0x00000006   Code   RO         2485    .text               c_w.l(heapauxi.o)
    0x000111b2   0x0000004e   Code   RO         2551    .text               c_w.l(_printf_pad.o)
    0x00011200   0x00000024   Code   RO         2553    .text               c_w.l(_printf_truncate.o)
    0x00011224   0x00000052   Code   RO         2555    .text               c_w.l(_printf_str.o)
    0x00011276   0x00000002   PAD
    0x00011278   0x00000078   Code   RO         2557    .text               c_w.l(_printf_dec.o)
    0x000112f0   0x00000028   Code   RO         2559    .text               c_w.l(_printf_charcount.o)
    0x00011318   0x00000030   Code   RO         2561    .text               c_w.l(_printf_char_common.o)
    0x00011348   0x0000000a   Code   RO         2563    .text               c_w.l(_sputc.o)
    0x00011352   0x00000002   PAD
    0x00011354   0x000000bc   Code   RO         2565    .text               c_w.l(_printf_wctomb.o)
    0x00011410   0x0000007c   Code   RO         2568    .text               c_w.l(_printf_longlong_dec.o)
    0x0001148c   0x00000070   Code   RO         2574    .text               c_w.l(_printf_oct_int_ll.o)
    0x000114fc   0x00000094   Code   RO         2594    .text               c_w.l(_printf_hex_int_ll_ptr.o)
    0x00011590   0x00000188   Code   RO         2614    .text               c_w.l(__printf_flags_ss_wp.o)
    0x00011718   0x00000008   Code   RO         2657    .text               c_w.l(libspace.o)
    0x00011720   0x00000010   Code   RO         2675    .text               c_w.l(rt_ctype_table.o)
    0x00011730   0x0000008a   Code   RO         2679    .text               c_w.l(lludiv10.o)
    0x000117ba   0x000000b2   Code   RO         2681    .text               c_w.l(_printf_intcommon.o)
    0x0001186c   0x0000041a   Code   RO         2683    .text               c_w.l(_printf_fp_dec.o)
    0x00011c86   0x0000002c   Code   RO         2687    .text               c_w.l(_printf_char.o)
    0x00011cb2   0x0000002c   Code   RO         2689    .text               c_w.l(_printf_wchar.o)
    0x00011cde   0x00000040   Code   RO         2694    .text               c_w.l(_wcrtomb.o)
    0x00011d1e   0x0000004a   Code   RO         2696    .text               c_w.l(sys_stackheap_outer.o)
    0x00011d68   0x00000008   Code   RO         2701    .text               c_w.l(rt_locale_intlibspace.o)
    0x00011d70   0x00000080   Code   RO         2703    .text               c_w.l(_printf_fp_infnan.o)
    0x00011df0   0x000000dc   Code   RO         2707    .text               c_w.l(bigflt0.o)
    0x00011ecc   0x00000012   Code   RO         2738    .text               c_w.l(exit.o)
    0x00011ede   0x00000002   PAD
    0x00011ee0   0x0000000c   Code   RO         2807    .text               c_w.l(sys_exit.o)
    0x00011eec   0x00000002   Code   RO         2826    .text               c_w.l(use_no_semi.o)
    0x00011eee   0x00000000   Code   RO         2828    .text               c_w.l(indicate_semi.o)
    0x00011eee   0x0000003e   Code   RO         2710    CL$$btod_d2e        c_w.l(btod.o)
    0x00011f2c   0x00000046   Code   RO         2712    CL$$btod_d2e_denorm_low  c_w.l(btod.o)
    0x00011f72   0x00000060   Code   RO         2711    CL$$btod_d2e_norm_op1  c_w.l(btod.o)
    0x00011fd2   0x00000338   Code   RO         2720    CL$$btod_div_common  c_w.l(btod.o)
    0x0001230a   0x000000c6   Code   RO         2717    CL$$btod_e2e        c_w.l(btod.o)
    0x000123d0   0x00000028   Code   RO         2714    CL$$btod_ediv       c_w.l(btod.o)
    0x000123f8   0x00000028   Code   RO         2713    CL$$btod_emul       c_w.l(btod.o)
    0x00012420   0x00000244   Code   RO         2719    CL$$btod_mult_common  c_w.l(btod.o)
    0x00012664   0x000000a0   Code   RO          164    OSKernelschedular   os_cpu_a.o
    0x00012704   0x00000028   Code   RO         2752    i.__ARM_fpclassify  m_ws.l(fpclassify.o)
    0x0001272c   0x0000000e   Code   RO         2607    i._is_digit         c_w.l(__printf_wp.o)
    0x0001273a   0x00000002   PAD
    0x0001273c   0x0000002c   Code   RO         2733    locale$$code        c_w.l(lc_ctype_c.o)
    0x00012768   0x0000002c   Code   RO         2736    locale$$code        c_w.l(lc_numeric_c.o)
    0x00012794   0x00000018   Code   RO         2642    x$fpl$dcmpinf       fz_ws.l(dcmpi.o)
    0x000127ac   0x0000005a   Code   RO         2489    x$fpl$dfixu         fz_ws.l(dfixu.o)
    0x00012806   0x0000002e   Code   RO         2494    x$fpl$dflt          fz_ws.l(dflt_clz.o)
    0x00012834   0x00000026   Code   RO         2493    x$fpl$dfltu         fz_ws.l(dflt_clz.o)
    0x0001285a   0x00000002   PAD
    0x0001285c   0x00000078   Code   RO         2499    x$fpl$dleqf         fz_ws.l(dleqf.o)
    0x000128d4   0x00000154   Code   RO         2501    x$fpl$dmul          fz_ws.l(dmul.o)
    0x00012a28   0x0000009c   Code   RO         2644    x$fpl$dnaninf       fz_ws.l(dnaninf.o)
    0x00012ac4   0x0000000c   Code   RO         2646    x$fpl$dretinf       fz_ws.l(dretinf.o)
    0x00012ad0   0x0000006c   Code   RO         2503    x$fpl$drleqf        fz_ws.l(drleqf.o)
    0x00012b3c   0x00000056   Code   RO         2505    x$fpl$f2d           fz_ws.l(f2d.o)
    0x00012b92   0x00000002   PAD
    0x00012b94   0x000000c4   Code   RO         2507    x$fpl$fadd          fz_ws.l(faddsub_clz.o)
    0x00012c58   0x00000018   Code   RO         2648    x$fpl$fcmpinf       fz_ws.l(fcmpi.o)
    0x00012c70   0x00000184   Code   RO         2514    x$fpl$fdiv          fz_ws.l(fdiv.o)
    0x00012df4   0x00000068   Code   RO         2517    x$fpl$feqf          fz_ws.l(feqf.o)
    0x00012e5c   0x00000036   Code   RO         2519    x$fpl$ffix          fz_ws.l(ffix.o)
    0x00012e92   0x00000002   PAD
    0x00012e94   0x0000003e   Code   RO         2523    x$fpl$ffixu         fz_ws.l(ffixu.o)
    0x00012ed2   0x00000002   PAD
    0x00012ed4   0x00000030   Code   RO         2528    x$fpl$fflt          fz_ws.l(fflt_clz.o)
    0x00012f04   0x00000026   Code   RO         2527    x$fpl$ffltu         fz_ws.l(fflt_clz.o)
    0x00012f2a   0x00000002   PAD
    0x00012f2c   0x00000068   Code   RO         2533    x$fpl$fleqf         fz_ws.l(fleqf.o)
    0x00012f94   0x00000102   Code   RO         2535    x$fpl$fmul          fz_ws.l(fmul.o)
    0x00013096   0x0000008c   Code   RO         2650    x$fpl$fnaninf       fz_ws.l(fnaninf.o)
    0x00013122   0x0000000a   Code   RO         2652    x$fpl$fretinf       fz_ws.l(fretinf.o)
    0x0001312c   0x00000062   Code   RO         2537    x$fpl$frleqf        fz_ws.l(frleqf.o)
    0x0001318e   0x00000002   PAD
    0x00013190   0x000000ea   Code   RO         2509    x$fpl$fsub          fz_ws.l(faddsub_clz.o)
    0x0001327a   0x00000004   Code   RO         2654    x$fpl$printf1       fz_ws.l(printf1.o)
    0x0001327e   0x00000000   Code   RO         2656    x$fpl$usenofp       fz_ws.l(usenofp.o)
    0x0001327e   0x00000100   Data   RO            3    .constdata          os_core.o
    0x0001337e   0x00000002   PAD
    0x00013380   0x00000072   Data   RO          146    .constdata          os_dbg.o
    0x000133f2   0x00000002   PAD
    0x000133f4   0x0000003c   Data   RO         1178    .constdata          gpio_app.o
    0x00013430   0x00000200   Data   RO         1434    .constdata          crccheck.o
    0x00013630   0x00000009   Data   RO         1573    .constdata          dipcomoperate.o
    0x00013639   0x00000003   PAD
    0x0001363c   0x00000030   Data   RO         1854    .constdata          led.o
    0x0001366c   0x00000008   Data   RO         2566    .constdata          c_w.l(_printf_wctomb.o)
    0x00013674   0x00000028   Data   RO         2595    .constdata          c_w.l(_printf_hex_int_ll_ptr.o)
    0x0001369c   0x00000011   Data   RO         2615    .constdata          c_w.l(__printf_flags_ss_wp.o)
    0x000136ad   0x00000003   PAD
    0x000136b0   0x00000094   Data   RO         2708    .constdata          c_w.l(bigflt0.o)
    0x00013744   0x0000005a   Data   RO          196    .conststring        app.o
    0x0001379e   0x00000002   PAD
    0x000137a0   0x0000016d   Data   RO         1574    .conststring        dipcomoperate.o
    0x0001390d   0x00000003   PAD
    0x00013910   0x00000040   Data   RO         2878    Region$$Table       anon$$obj.o
    0x00013950   0x00000110   Data   RO         2732    locale$$data        c_w.l(lc_ctype_c.o)
    0x00013a60   0x0000001c   Data   RO         2735    locale$$data        c_w.l(lc_numeric_c.o)


    Execution Region RW_IRAM1 (Base: 0x10000000, Size: 0x000039c0, Max: 0x00008000, ABSOLUTE, COMPRESSED[0x00000148])

    Base Addr    Size         Type   Attr      Idx    E Section Name        Object

    0x10000000   0x00000004   Data   RW          383    .data               system_lpc17xx.o
    0x10000004   0x00000001   Data   RW         1136    .data               mx25l1602drv.o
    0x10000005   0x00000003   PAD
    0x10000008   0x0000000f   Data   RW         1205    .data               uart1.o
    0x10000017   0x00000001   PAD
    0x10000018   0x00000024   Data   RW         1293    .data               uart0001.o
    0x1000003c   0x00000200   Data   RW         1435    .data               crccheck.o
    0x1000023c   0x00000058   Data   RW         1514    .data               getdipprs.o
    0x10000294   0x0000001c   Data   RW         1545    .data               power.o
    0x100002b0   0x00000030   Data   RW         1575    .data               dipcomoperate.o
    0x100002e0   0x00000020   Data   RW         1604    .data               tmp.o
    0x10000300   0x00000014   Data   RW         1640    .data               tax2.o
    0x10000314   0x00000002   Data   RW         1674    .data               csnr.o
    0x10000316   0x00000004   Data   RW         1762    .data               framstore.o
    0x1000031a   0x00000002   PAD
    0x1000031c   0x00000008   Data   RW         2022    .data               storerec.o
    0x10000324   0x0000000e   Data   RW         2188    .data               operatecard.o
    0x10000332   0x00000002   PAD
    0x10000334   0x0000000c   Data   RW         2271    .data               equimentoperate.o
    0x10000340   0x00000028   Data   RW         2382    .data               speed2.o
    0x10000368   0x00000008   Data   RW         2438    .data               locoworksta.o
    0x10000370   0x00000200   Zero   RW          169    .bss                os_cpu_c.o
    0x10000570   0x0000030c   Zero   RW         1204    .bss                uart1.o
    0x1000087c   0x00000218   Zero   RW         1320    .bss                uart0002.o
    0x10000a94   0x0000030c   Zero   RW         1347    .bss                uart0.o
    0x10000da0   0x00000248   Zero   RW         1639    .bss                tax2.o
    0x10000fe8   0x00002974   Zero   RW         2242    .bss                cardtest.o
    0x1000395c   0x00000060   Zero   RW         2658    .bss                c_w.l(libspace.o)
    0x100039bc   0x00000004   PAD
    0x100039c0   0x00000000   Zero   RW          373    HEAP                startup_lpc17xx.o


    Execution Region RW_IRAM2 (Base: 0x2007c000, Size: 0x000039c0, Max: 0x00008000, ABSOLUTE, COMPRESSED[0x00000270])

    Base Addr    Size         Type   Attr      Idx    E Section Name        Object

    0x2007c000   0x00000060   Data   RW            4    .data               os_core.o
    0x2007c060   0x00000006   Data   RW          170    .data               os_cpu_c.o
    0x2007c066   0x00000002   PAD
    0x2007c068   0x00000004   Data   RW          197    .data               app.o
    0x2007c06c   0x00000028   Data   RW          413    .data               debug_frmwrk.o
    0x2007c094   0x0000000f   Data   RW         1237    .data               uart2.o
    0x2007c0a3   0x00000001   PAD
    0x2007c0a4   0x00000014   Data   RW         1265    .data               uart3.o
    0x2007c0b8   0x00000004   Data   RW         1321    .data               uart0002.o
    0x2007c0bc   0x0000000b   Data   RW         1348    .data               uart0.o
    0x2007c0c7   0x00000001   PAD
    0x2007c0c8   0x0000000d   Data   RW         1376    .data               adc.o
    0x2007c0d5   0x00000003   PAD
    0x2007c0d8   0x00000020   Data   RW         1488    .data               globepara.o
    0x2007c0f8   0x00000010   Data   RW         1702    .data               cnsccomdeal.o
    0x2007c108   0x00000080   Data   RW         1793    .data               display.o
    0x2007c188   0x00000004   Data   RW         1824    .data               ds3231.o
    0x2007c18c   0x000000c8   Data   RW         1855    .data               led.o
    0x2007c254   0x00000642   Data   RW         1994    .data               dealoilbox.o
    0x2007c896   0x00000002   PAD
    0x2007c898   0x0000005a   Data   RW         2050    .data               mathdipval.o
    0x2007c8f2   0x00000002   PAD
    0x2007c8f4   0x00000026   Data   RW         2115    .data               card.o
    0x2007c91a   0x00000001   Data   RW         2147    .data               datacard.o
    0x2007c91b   0x00000001   PAD
    0x2007c91c   0x0000003c   Data   RW         2300    .data               equimentcom.o
    0x2007c958   0x00000034   Data   RW         2354    .data               speed1.o
    0x2007c98c   0x00000020   Data   RW         2410    .data               mstcsspeed.o
    0x2007c9ac   0x00001368   Zero   RW            2    .bss                os_core.o
    0x2007dd14   0x0000030c   Zero   RW         1236    .bss                uart2.o
    0x2007e020   0x0000040c   Zero   RW         1264    .bss                uart3.o
    0x2007e42c   0x00000240   Zero   RW         1292    .bss                uart0001.o
    0x2007e66c   0x00000248   Zero   RW         1572    .bss                dipcomoperate.o
    0x2007e8b4   0x00000218   Zero   RW         1701    .bss                cnsccomdeal.o
    0x2007eacc   0x00000390   Zero   RW         1792    .bss                display.o
    0x2007ee5c   0x00000558   Zero   RW         2049    .bss                mathdipval.o
    0x2007f3b4   0x0000040c   Zero   RW         2299    .bss                equimentcom.o
    0x2007f7c0   0x00000200   Zero   RW          372    STACK               startup_lpc17xx.o


==============================================================================

Image component sizes


      Code (inc. data)   RO Data    RW Data    ZI Data      Debug   Object Name

       252         30          0         13          0       1488   adc.o
       384         78         90          4          0      54732   app.o
        16          0          0          0          0       1298   app_hooks.o
      2640         74          0         38          0      12454   card.o
         0          0          0          0      10612       3965   cardtest.o
       496         46          0         16        536       3105   cnsccomdeal.o
       612          0          0          0          0       2443   cnscpackdeal.o
       152         12        512        512          0       2153   crccheck.o
       624          8          0          2          0       2494   csnr.o
      1284        140          0          1          0       6241   datacard.o
       764         56          0       1602          0       6575   dealoilbox.o
      1292         74          0         40          0       6262   debug_frmwrk.o
      3764        698        374         48        584       7388   dipcomoperate.o
      1516         58          0        128        912       7132   display.o
       796        112          0          4          0       3615   ds3231.o
      1968        390          0         60       1036       6910   equimentcom.o
      1512        418          0         12          0       4254   equimentoperate.o
       342          0          0          0          0       3386   fifo.o
       244          0          0          0          0       2131   fram.o
      3196        770          0          4          0      11576   framstore.o
      2036        160          0         88          0       9089   getdipprs.o
         0          0          0         32          0        668   globepara.o
       316          6         60          0          0       2078   gpio_app.o
        68         10          0          0          0      27171   gpio_test.o
       406          0          0          0          0       2456   iic.o
       712         18         48        200          0       3075   led.o
       292          8          0          8          0       2016   locoworksta.o
       824         36          0          0          0       8884   lpc17xx_adc.o
       320         22          0          0          0       1839   lpc17xx_clkpwr.o
      1036         28          0          0          0       9019   lpc17xx_gpio.o
         4          0          0          0          0        847   lpc17xx_libcfg_default.o
       256          4          0          0          0       2309   lpc17xx_pinsel.o
      1716         50          0          0          0       6504   lpc17xx_ssp.o
       384         38          0          0          0       1648   lpc17xx_systick.o
      1632         58          0          0          0       5607   lpc17xx_timer.o
      3664         94          0          0          0      19989   lpc17xx_uart.o
       560         42          0          0          0       2107   lpc17xx_wdt.o
      2600        248          0         90       1368       8575   mathdipval.o
       308         36          0         32          0       2493   mstcsspeed.o
      1476         34          0          1          0       8408   mx25l1602drv.o
      1292        178          0         14          0       3566   operatecard.o
      3312        278        256         96       4968      21575   os_core.o
       160         28          0          0          0        408   os_cpu_a.o
       400         30          0          6        512      12502   os_cpu_c.o
       348        230        114          0          0      12160   os_dbg.o
      2060         42          0          0          0      15795   os_flag.o
       484         16          0          0          0       3340   os_mem.o
      1536         36          0          0          0       5841   os_q.o
       932         22          0          0          0       4118   os_sem.o
      2088         68          0          0          0       7969   os_task.o
       432         30          0          0          0       1870   os_time.o
      1648        134          0          0          0       5809   os_tmr.o
      1182         92          0          0          0       4952   paracard.o
       732         60          0         28          0       4900   power.o
       310          0          0          0          0       2392   softspi_17xx.o
       600         56          0         52          0       3451   speed1.o
       460         98          0         40          0       2590   speed2.o
        60         22        204          0        512        788   startup_lpc17xx.o
       708         56          0          8          0       2743   storerec.o
       432        106          0          0          0       2018   storespeed.o
       652         32          0          4          0       2309   system_lpc17xx.o
       648         46          0         20        584       5086   tax2.o
       340         16          0          0          0      27839   timer.o
      1928        294          0         32          0       5961   tmp.o
       720         50          0         11        780       4343   uart0.o
      1764        162          0         36        576       6181   uart0001.o
       352         46          0          4        536       2286   uart0002.o
       868         60          0         15        780      31400   uart1.o
       828         60          0         15        780       4657   uart2.o
       948         70          0         20       1036       5012   uart3.o
        60          8          0          0          0       1108   watchdog.o

    ----------------------------------------------------------------------
     68752       6282       1734       3356      26112     489353   Object Totals
         0          0         64          0          0          0   (incl. Generated)
         4          0         12         20          0          0   (incl. Padding)

    ----------------------------------------------------------------------

      Code (inc. data)   RO Data    RW Data    ZI Data      Debug   Library Member Name

        90          0          0          0          0          0   __dczerorl2.o
         8          0          0          0          0         68   __main.o
       392          4         17          0          0         92   __printf_flags_ss_wp.o
        14          0          0          0          0         68   __printf_wp.o
         0          0          0          0          0          0   __rtentry.o
        12          0          0          0          0          0   __rtentry2.o
         6          0          0          0          0          0   __rtentry4.o
        52          8          0          0          0          0   __scatter.o
        28          0          0          0          0          0   __scatter_zi.o
         6          0          0          0          0          0   _printf_a.o
         6          0          0          0          0          0   _printf_c.o
        44          0          0          0          0        108   _printf_char.o
        48          6          0          0          0         96   _printf_char_common.o
        40          0          0          0          0         68   _printf_charcount.o
         6          0          0          0          0          0   _printf_d.o
       120         16          0          0          0         92   _printf_dec.o
         6          0          0          0          0          0   _printf_e.o
         6          0          0          0          0          0   _printf_f.o
      1050          0          0          0          0        216   _printf_fp_dec.o
       128         16          0          0          0         84   _printf_fp_infnan.o
         6          0          0          0          0          0   _printf_g.o
       148          4         40          0          0        160   _printf_hex_int_ll_ptr.o
         6          0          0          0          0          0   _printf_i.o
       178          0          0          0          0         88   _printf_intcommon.o
        10          0          0          0          0          0   _printf_l.o
         6          0          0          0          0          0   _printf_lc.o
        10          0          0          0          0          0   _printf_ll.o
         6          0          0          0          0          0   _printf_lld.o
         6          0          0          0          0          0   _printf_lli.o
         6          0          0          0          0          0   _printf_llo.o
         6          0          0          0          0          0   _printf_llu.o
         6          0          0          0          0          0   _printf_llx.o
       124         16          0          0          0         92   _printf_longlong_dec.o
         6          0          0          0          0          0   _printf_ls.o
         6          0          0          0          0          0   _printf_n.o
         6          0          0          0          0          0   _printf_o.o
       112         10          0          0          0        124   _printf_oct_int_ll.o
         6          0          0          0          0          0   _printf_p.o
        78          0          0          0          0        108   _printf_pad.o
         0          0          0          0          0          0   _printf_percent.o
         4          0          0          0          0          0   _printf_percent_end.o
         6          0          0          0          0          0   _printf_s.o
        82          0          0          0          0         80   _printf_str.o
        36          0          0          0          0         84   _printf_truncate.o
         6          0          0          0          0          0   _printf_u.o
        44          0          0          0          0        108   _printf_wchar.o
       188          6          8          0          0         92   _printf_wctomb.o
         6          0          0          0          0          0   _printf_x.o
        10          0          0          0          0         68   _sputc.o
        64          0          0          0          0         92   _wcrtomb.o
       220          4        148          0          0         96   bigflt0.o
      1910        128          0          0          0        672   btod.o
        36          4          0          0          0         76   c89vsprintf.o
        18          0          0          0          0         80   exit.o
         6          0          0          0          0        152   heapauxi.o
         0          0          0          0          0          0   indicate_semi.o
        44         10        272          0          0         76   lc_ctype_c.o
        44         10         28          0          0         76   lc_numeric_c.o
         2          0          0          0          0          0   libinit.o
        30          0          0          0          0          0   libinit2.o
         2          0          0          0          0          0   libshutdown.o
         2          0          0          0          0          0   libshutdown2.o
         8          4          0          0         96         68   libspace.o
       138          0          0          0          0         80   lludiv10.o
       238          0          0          0          0        100   lludivv7m.o
        88          0          0          0          0         76   memcmp.o
        16          4          0          0          0         76   rt_ctype_table.o
         8          4          0          0          0         68   rt_locale_intlibspace.o
        78          0          0          0          0         80   rt_memclr_w.o
       138          0          0          0          0         68   rt_memcpy_v6.o
       100          0          0          0          0         80   rt_memcpy_w.o
         2          0          0          0          0          0   rtexit.o
        10          0          0          0          0          0   rtexit2.o
       128          0          0          0          0         68   strcmpv7m.o
        62          0          0          0          0         76   strlen.o
        12          4          0          0          0         68   sys_exit.o
        74          0          0          0          0         80   sys_stackheap_outer.o
         2          0          0          0          0         68   use_no_semi.o
        24          0          0          0          0         68   dcmpi.o
        90          4          0          0          0         92   dfixu.o
        84          0          0          0          0        136   dflt_clz.o
       120          4          0          0          0         92   dleqf.o
       340         12          0          0          0        104   dmul.o
       156          4          0          0          0         92   dnaninf.o
        12          0          0          0          0         68   dretinf.o
       108          0          0          0          0         80   drleqf.o
        86          4          0          0          0         84   f2d.o
       430          8          0          0          0        168   faddsub_clz.o
        24          0          0          0          0         68   fcmpi.o
       388         76          0          0          0         96   fdiv.o
       104          4          0          0          0         84   feqf.o
        54          4          0          0          0         84   ffix.o
        62          4          0          0          0         84   ffixu.o
        86          0          0          0          0        136   fflt_clz.o
       104          4          0          0          0         84   fleqf.o
       258          4          0          0          0         84   fmul.o
       140          4          0          0          0         84   fnaninf.o
        10          0          0          0          0         68   fretinf.o
        98          0          0          0          0         68   frleqf.o
         4          0          0          0          0         68   printf1.o
         0          0          0          0          0          0   usenofp.o
        40          0          0          0          0         68   fpclassify.o

    ----------------------------------------------------------------------
      9506        394        516          0        100       6332   Library Totals
        28          0          3          0          4          0   (incl. Padding)

    ----------------------------------------------------------------------

      Code (inc. data)   RO Data    RW Data    ZI Data      Debug   Library Name

      6656        258        513          0         96       4272   c_w.l
      2782        136          0          0          0       1992   fz_ws.l
        40          0          0          0          0         68   m_ws.l

    ----------------------------------------------------------------------
      9506        394        516          0        100       6332   Library Totals

    ----------------------------------------------------------------------

==============================================================================


      Code (inc. data)   RO Data    RW Data    ZI Data      Debug   

     78258       6676       2250       3356      26212     484969   Grand Totals
     78258       6676       2250        952      26212     484969   ELF Image Totals (compressed)
     78258       6676       2250        952          0          0   ROM Totals

==============================================================================

    Total RO  Size (Code + RO Data)                80508 (  78.62kB)
    Total RW  Size (RW Data + ZI Data)             29568 (  28.88kB)
    Total ROM Size (Code + RO Data + RW Data)      81460 (  79.55kB)

==============================================================================

