<html>
<body>
<pre>
<h1>µVision Build Log</h1>
<h2>Project:</h2>
E:\uCOS Test\uCOS-II\uCOS-II-test.uvproj
Project File Date:  11/18/2013

<h2>Output:</h2>
Build target 'Target 1'
compiling os_core.c...
compiling os_flag.c...
compiling os_mbox.c...
compiling os_mem.c...
compiling os_mutex.c...
compiling os_q.c...
compiling os_sem.c...
compiling os_task.c...
compiling os_time.c...
compiling os_tmr.c...
compiling os_cpu_c.c...
compiling os_dbg.c...
assembling os_cpu_a.asm...
compiling app.c...
compiling app_hooks.c...
compiling lpc17xx_gpio.c...
assembling startup_LPC17xx.s...
compiling system_LPC17xx.c...
linking...
Program Size: Code=16220 RO-data=608 RW-data=112 ZI-data=6600  
FromELF: creating hex file...
".\Project\Output\uCOS-II-test.axf" - 0 Error(s), 0 Warning(s).
Build target 'Target 1'
compiling os_core.c...
compiling os_flag.c...
compiling os_mbox.c...
compiling os_mem.c...
compiling os_mutex.c...
compiling os_q.c...
compiling os_sem.c...
compiling os_task.c...
compiling os_time.c...
compiling os_tmr.c...
compiling os_cpu_c.c...
compiling os_dbg.c...
assembling os_cpu_a.asm...
compiling app.c...
..\uCOS-II\includes.h(109): error:  #5: cannot open source input file "lpc17xx_gpio.h": No such file or directory
compiling app_hooks.c...
..\uCOS-II\includes.h(109): error:  #5: cannot open source input file "lpc17xx_gpio.h": No such file or directory
compiling lpc17xx_gpio.c...
lpc17xx_gpio.c: Error:  #5: cannot open source input file "App\lpc17xx_gpio.c": No such file or directory
Target not created
Build target 'Target 1'
compiling os_core.c...
compiling os_flag.c...
compiling os_mbox.c...
compiling os_mem.c...
compiling os_mutex.c...
compiling os_q.c...
compiling os_sem.c...
compiling os_task.c...
compiling os_time.c...
compiling os_tmr.c...
compiling os_cpu_c.c...
compiling os_dbg.c...
assembling os_cpu_a.asm...
compiling app.c...
compiling app_hooks.c...
compiling lpc17xx_gpio.c...
lpc17xx_gpio.c: Error:  #5: cannot open source input file "App\lpc17xx_gpio.c": No such file or directory
Target not created
Build target 'Target 1'
compiling os_core.c...
compiling os_flag.c...
compiling os_mbox.c...
compiling os_mem.c...
compiling os_mutex.c...
compiling os_q.c...
compiling os_sem.c...
compiling os_task.c...
compiling os_time.c...
compiling os_tmr.c...
compiling os_cpu_c.c...
compiling os_dbg.c...
assembling os_cpu_a.asm...
compiling app.c...
compiling app_hooks.c...
compiling lpc17xx_gpio.c...
lpc17xx_gpio.c: Error:  #5: cannot open source input file "App\lpc17xx_gpio.c": No such file or directory
Target not created
Build target 'Target 1'
compiling os_core.c...
compiling os_flag.c...
compiling os_mbox.c...
compiling os_mem.c...
compiling os_mutex.c...
compiling os_q.c...
compiling os_sem.c...
compiling os_task.c...
compiling os_time.c...
compiling os_tmr.c...
compiling os_cpu_c.c...
compiling os_dbg.c...
assembling os_cpu_a.asm...
compiling app.c...
compiling app_hooks.c...
assembling startup_LPC17xx.s...
compiling system_LPC17xx.c...
compiling debug_frmwrk.c...
compiling lpc17xx_adc.c...
compiling lpc17xx_can.c...
compiling lpc17xx_clkpwr.c...
CSB\source\lpc17xx_clkpwr.c(206): error:  #20: identifier "SystemCoreClock" is undefined
compiling lpc17xx_dac.c...
compiling lpc17xx_emac.c...
CSB\source\lpc17xx_emac.c(322): error:  #20: identifier "SystemCoreClock" is undefined
compiling lpc17xx_exti.c...
compiling lpc17xx_gpdma.c...
compiling lpc17xx_i2c.c...
compiling lpc17xx_i2s.c...
compiling lpc17xx_iap.c...
CSB\source\lpc17xx_iap.c(115): error:  #20: identifier "SystemCoreClock" is undefined
CSB\source\lpc17xx_iap.c(147): error:  #20: identifier "SystemCoreClock" is undefined
compiling lpc17xx_libcfg_default.c...
compiling lpc17xx_mcpwm.c...
compiling lpc17xx_nvic.c...
compiling lpc17xx_pinsel.c...
compiling lpc17xx_pwm.c...
compiling lpc17xx_qei.c...
compiling lpc17xx_rit.c...
compiling lpc17xx_rtc.c...
compiling lpc17xx_spi.c...
compiling lpc17xx_ssp.c...
compiling lpc17xx_systick.c...
CSB\source\lpc17xx_systick.c(69): error:  #20: identifier "SystemCoreClock" is undefined
compiling lpc17xx_timer.c...
compiling lpc17xx_uart.c...
compiling lpc17xx_wdt.c...
CSB\source\lpc17xx_wdt.c(91): error:  #20: identifier "SystemCoreClock" is undefined
compiling lpc17xx_gpio.c...
Target not created
Build target 'Target 1'
compiling os_core.c...
compiling os_flag.c...
compiling os_mbox.c...
compiling os_mem.c...
compiling os_mutex.c...
compiling os_q.c...
compiling os_sem.c...
compiling os_task.c...
compiling os_time.c...
compiling os_tmr.c...
compiling os_cpu_c.c...
compiling os_dbg.c...
assembling os_cpu_a.asm...
compiling app.c...
compiling app_hooks.c...
assembling startup_LPC17xx.s...
compiling system_LPC17xx.c...
compiling debug_frmwrk.c...
compiling lpc17xx_adc.c...
compiling lpc17xx_can.c...
compiling lpc17xx_clkpwr.c...
compiling lpc17xx_dac.c...
compiling lpc17xx_emac.c...
compiling lpc17xx_exti.c...
compiling lpc17xx_gpdma.c...
compiling lpc17xx_i2c.c...
compiling lpc17xx_i2s.c...
compiling lpc17xx_iap.c...
compiling lpc17xx_libcfg_default.c...
compiling lpc17xx_mcpwm.c...
compiling lpc17xx_nvic.c...
compiling lpc17xx_pinsel.c...
compiling lpc17xx_pwm.c...
compiling lpc17xx_qei.c...
compiling lpc17xx_rit.c...
compiling lpc17xx_rtc.c...
compiling lpc17xx_spi.c...
compiling lpc17xx_ssp.c...
compiling lpc17xx_systick.c...
compiling lpc17xx_timer.c...
compiling lpc17xx_uart.c...
compiling lpc17xx_wdt.c...
compiling lpc17xx_gpio.c...
linking...
Program Size: Code=16216 RO-data=608 RW-data=112 ZI-data=6600  
FromELF: creating hex file...
".\Project\Output\uCOS-II-test.axf" - 0 Error(s), 0 Warning(s).
Build target 'Target 1'
compiling os_core.c...
compiling os_flag.c...
compiling os_mbox.c...
compiling os_mem.c...
compiling os_mutex.c...
compiling os_q.c...
compiling os_sem.c...
compiling os_task.c...
compiling os_time.c...
compiling os_tmr.c...
compiling os_cpu_c.c...
compiling os_dbg.c...
assembling os_cpu_a.asm...
compiling app.c...
compiling app_hooks.c...
assembling startup_LPC17xx.s...
compiling system_LPC17xx.c...
compiling debug_frmwrk.c...
compiling lpc17xx_adc.c...
compiling lpc17xx_can.c...
compiling lpc17xx_clkpwr.c...
compiling lpc17xx_dac.c...
compiling lpc17xx_emac.c...
compiling lpc17xx_exti.c...
compiling lpc17xx_gpdma.c...
compiling lpc17xx_i2c.c...
compiling lpc17xx_i2s.c...
compiling lpc17xx_iap.c...
compiling lpc17xx_libcfg_default.c...
compiling lpc17xx_mcpwm.c...
compiling lpc17xx_nvic.c...
compiling lpc17xx_pinsel.c...
compiling lpc17xx_pwm.c...
compiling lpc17xx_qei.c...
compiling lpc17xx_rit.c...
compiling lpc17xx_rtc.c...
compiling lpc17xx_spi.c...
compiling lpc17xx_ssp.c...
compiling lpc17xx_systick.c...
compiling lpc17xx_timer.c...
compiling lpc17xx_uart.c...
compiling lpc17xx_wdt.c...
compiling lpc17xx_gpio.c...
linking...
Program Size: Code=16216 RO-data=608 RW-data=112 ZI-data=6600  
FromELF: creating hex file...
".\Project\Output\uCOS-II-test.axf" - 0 Error(s), 0 Warning(s).
Build target 'Target 1'
compiling os_core.c...
compiling os_flag.c...
compiling os_mbox.c...
compiling os_mem.c...
compiling os_mutex.c...
compiling os_q.c...
compiling os_sem.c...
compiling os_task.c...
compiling os_time.c...
compiling os_tmr.c...
compiling os_cpu_c.c...
compiling os_dbg.c...
assembling os_cpu_a.asm...
compiling app.c...
compiling app_hooks.c...
assembling startup_LPC17xx.s...
compiling system_LPC17xx.c...
compiling debug_frmwrk.c...
compiling lpc17xx_adc.c...
compiling lpc17xx_can.c...
compiling lpc17xx_clkpwr.c...
compiling lpc17xx_dac.c...
compiling lpc17xx_emac.c...
compiling lpc17xx_exti.c...
compiling lpc17xx_gpdma.c...
compiling lpc17xx_i2c.c...
compiling lpc17xx_i2s.c...
compiling lpc17xx_iap.c...
compiling lpc17xx_libcfg_default.c...
compiling lpc17xx_mcpwm.c...
compiling lpc17xx_nvic.c...
compiling lpc17xx_pinsel.c...
compiling lpc17xx_pwm.c...
compiling lpc17xx_qei.c...
compiling lpc17xx_rit.c...
compiling lpc17xx_rtc.c...
compiling lpc17xx_spi.c...
compiling lpc17xx_ssp.c...
compiling lpc17xx_systick.c...
compiling lpc17xx_timer.c...
compiling lpc17xx_uart.c...
compiling lpc17xx_wdt.c...
compiling lpc17xx_gpio.c...
linking...
Program Size: Code=16216 RO-data=608 RW-data=112 ZI-data=6600  
FromELF: creating hex file...
".\Project\Output\uCOS-II-test.axf" - 0 Error(s), 0 Warning(s).
Build target 'Target 1'
compiling os_core.c...
compiling os_flag.c...
compiling os_mbox.c...
compiling os_mem.c...
compiling os_mutex.c...
compiling os_q.c...
compiling os_sem.c...
compiling os_task.c...
compiling os_time.c...
compiling os_tmr.c...
compiling os_cpu_c.c...
compiling os_dbg.c...
assembling os_cpu_a.asm...
compiling app.c...
app.c(54): error:  #20: identifier "PINSEL_PORT_2" is undefined
app.c(54): error:  #20: identifier "PINSEL_PIN_3" is undefined
app.c(53): warning:  #177-D: variable "i" was declared but never referenced
compiling app_hooks.c...
assembling startup_LPC17xx.s...
compiling system_LPC17xx.c...
compiling debug_frmwrk.c...
compiling lpc17xx_adc.c...
compiling lpc17xx_can.c...
compiling lpc17xx_clkpwr.c...
compiling lpc17xx_dac.c...
compiling lpc17xx_emac.c...
compiling lpc17xx_exti.c...
compiling lpc17xx_gpdma.c...
compiling lpc17xx_i2c.c...
compiling lpc17xx_i2s.c...
compiling lpc17xx_iap.c...
compiling lpc17xx_libcfg_default.c...
compiling lpc17xx_mcpwm.c...
compiling lpc17xx_nvic.c...
compiling lpc17xx_pinsel.c...
compiling lpc17xx_pwm.c...
compiling lpc17xx_qei.c...
compiling lpc17xx_rit.c...
compiling lpc17xx_rtc.c...
compiling lpc17xx_spi.c...
compiling lpc17xx_ssp.c...
compiling lpc17xx_systick.c...
compiling lpc17xx_timer.c...
compiling lpc17xx_uart.c...
compiling lpc17xx_wdt.c...
compiling lpc17xx_gpio.c...
Target not created
Build target 'Target 1'
compiling os_core.c...
compiling os_flag.c...
compiling os_mbox.c...
compiling os_mem.c...
compiling os_mutex.c...
compiling os_q.c...
compiling os_sem.c...
compiling os_task.c...
compiling os_time.c...
compiling os_tmr.c...
compiling os_cpu_c.c...
compiling os_dbg.c...
assembling os_cpu_a.asm...
compiling app.c...
app.c(53): warning:  #177-D: variable "i" was declared but never referenced
compiling app_hooks.c...
assembling startup_LPC17xx.s...
compiling system_LPC17xx.c...
compiling debug_frmwrk.c...
compiling lpc17xx_adc.c...
compiling lpc17xx_can.c...
compiling lpc17xx_clkpwr.c...
compiling lpc17xx_dac.c...
compiling lpc17xx_emac.c...
compiling lpc17xx_exti.c...
compiling lpc17xx_gpdma.c...
compiling lpc17xx_i2c.c...
compiling lpc17xx_i2s.c...
compiling lpc17xx_iap.c...
compiling lpc17xx_libcfg_default.c...
compiling lpc17xx_mcpwm.c...
compiling lpc17xx_nvic.c...
compiling lpc17xx_pinsel.c...
compiling lpc17xx_pwm.c...
compiling lpc17xx_qei.c...
compiling lpc17xx_rit.c...
compiling lpc17xx_rtc.c...
compiling lpc17xx_spi.c...
compiling lpc17xx_ssp.c...
compiling lpc17xx_systick.c...
compiling lpc17xx_timer.c...
compiling lpc17xx_uart.c...
compiling lpc17xx_wdt.c...
compiling lpc17xx_gpio.c...
linking...
Program Size: Code=16212 RO-data=608 RW-data=112 ZI-data=6600  
FromELF: creating hex file...
".\Project\Output\uCOS-II-test.axf" - 0 Error(s), 1 Warning(s).
Build target 'Target 1'
compiling os_core.c...
compiling os_flag.c...
compiling os_mbox.c...
compiling os_mem.c...
compiling os_mutex.c...
compiling os_q.c...
compiling os_sem.c...
compiling os_task.c...
compiling os_time.c...
compiling os_tmr.c...
compiling os_cpu_c.c...
compiling os_dbg.c...
assembling os_cpu_a.asm...
compiling app.c...
compiling app_hooks.c...
assembling startup_LPC17xx.s...
compiling system_LPC17xx.c...
compiling debug_frmwrk.c...
compiling lpc17xx_adc.c...
compiling lpc17xx_can.c...
compiling lpc17xx_clkpwr.c...
compiling lpc17xx_dac.c...
compiling lpc17xx_emac.c...
compiling lpc17xx_exti.c...
compiling lpc17xx_gpdma.c...
compiling lpc17xx_i2c.c...
compiling lpc17xx_i2s.c...
compiling lpc17xx_iap.c...
compiling lpc17xx_libcfg_default.c...
compiling lpc17xx_mcpwm.c...
compiling lpc17xx_nvic.c...
compiling lpc17xx_pinsel.c...
compiling lpc17xx_pwm.c...
compiling lpc17xx_qei.c...
compiling lpc17xx_rit.c...
compiling lpc17xx_rtc.c...
compiling lpc17xx_spi.c...
compiling lpc17xx_ssp.c...
compiling lpc17xx_systick.c...
compiling lpc17xx_timer.c...
compiling lpc17xx_uart.c...
compiling lpc17xx_wdt.c...
compiling lpc17xx_gpio.c...
linking...
Program Size: Code=16212 RO-data=608 RW-data=112 ZI-data=6600  
FromELF: creating hex file...
".\Project\Output\uCOS-II-test.axf" - 0 Error(s), 0 Warning(s).
Build target 'Target 1'
compiling os_core.c...
compiling os_flag.c...
compiling os_mbox.c...
compiling os_mem.c...
compiling os_mutex.c...
compiling os_q.c...
compiling os_sem.c...
compiling os_task.c...
compiling os_time.c...
compiling os_tmr.c...
compiling os_cpu_c.c...
compiling os_dbg.c...
assembling os_cpu_a.asm...
compiling app.c...
app.c(53): error:  #20: identifier "UINT32" is undefined
compiling app_hooks.c...
assembling startup_LPC17xx.s...
compiling system_LPC17xx.c...
compiling debug_frmwrk.c...
compiling lpc17xx_adc.c...
compiling lpc17xx_can.c...
compiling lpc17xx_clkpwr.c...
compiling lpc17xx_dac.c...
compiling lpc17xx_emac.c...
compiling lpc17xx_exti.c...
compiling lpc17xx_gpdma.c...
compiling lpc17xx_i2c.c...
compiling lpc17xx_i2s.c...
compiling lpc17xx_iap.c...
compiling lpc17xx_libcfg_default.c...
compiling lpc17xx_mcpwm.c...
compiling lpc17xx_nvic.c...
compiling lpc17xx_pinsel.c...
compiling lpc17xx_pwm.c...
compiling lpc17xx_qei.c...
compiling lpc17xx_rit.c...
compiling lpc17xx_rtc.c...
compiling lpc17xx_spi.c...
compiling lpc17xx_ssp.c...
compiling lpc17xx_systick.c...
compiling lpc17xx_timer.c...
compiling lpc17xx_uart.c...
compiling lpc17xx_wdt.c...
compiling lpc17xx_gpio.c...
Target not created
Build target 'Target 1'
compiling os_core.c...
compiling os_flag.c...
compiling os_mbox.c...
compiling os_mem.c...
compiling os_mutex.c...
compiling os_q.c...
compiling os_sem.c...
compiling os_task.c...
compiling os_time.c...
compiling os_tmr.c...
compiling os_cpu_c.c...
compiling os_dbg.c...
assembling os_cpu_a.asm...
compiling app.c...
compiling app_hooks.c...
assembling startup_LPC17xx.s...
compiling system_LPC17xx.c...
compiling debug_frmwrk.c...
compiling lpc17xx_adc.c...
compiling lpc17xx_can.c...
compiling lpc17xx_clkpwr.c...
compiling lpc17xx_dac.c...
compiling lpc17xx_emac.c...
compiling lpc17xx_exti.c...
compiling lpc17xx_gpdma.c...
compiling lpc17xx_i2c.c...
compiling lpc17xx_i2s.c...
compiling lpc17xx_iap.c...
compiling lpc17xx_libcfg_default.c...
compiling lpc17xx_mcpwm.c...
compiling lpc17xx_nvic.c...
compiling lpc17xx_pinsel.c...
compiling lpc17xx_pwm.c...
compiling lpc17xx_qei.c...
compiling lpc17xx_rit.c...
compiling lpc17xx_rtc.c...
compiling lpc17xx_spi.c...
compiling lpc17xx_ssp.c...
compiling lpc17xx_systick.c...
compiling lpc17xx_timer.c...
compiling lpc17xx_uart.c...
compiling lpc17xx_wdt.c...
compiling lpc17xx_gpio.c...
linking...
Program Size: Code=16216 RO-data=608 RW-data=112 ZI-data=6600  
FromELF: creating hex file...
".\Project\Output\uCOS-II-test.axf" - 0 Error(s), 0 Warning(s).
Build target 'Target 1'
compiling os_core.c...
compiling os_flag.c...
compiling os_mbox.c...
compiling os_mem.c...
compiling os_mutex.c...
compiling os_q.c...
compiling os_sem.c...
compiling os_task.c...
compiling os_time.c...
compiling os_tmr.c...
compiling os_cpu_c.c...
compiling os_dbg.c...
assembling os_cpu_a.asm...
compiling app.c...
compiling app_hooks.c...
assembling startup_LPC17xx.s...
compiling system_LPC17xx.c...
compiling debug_frmwrk.c...
compiling lpc17xx_adc.c...
compiling lpc17xx_can.c...
compiling lpc17xx_clkpwr.c...
compiling lpc17xx_dac.c...
compiling lpc17xx_emac.c...
compiling lpc17xx_exti.c...
compiling lpc17xx_gpdma.c...
compiling lpc17xx_i2c.c...
compiling lpc17xx_i2s.c...
compiling lpc17xx_iap.c...
compiling lpc17xx_libcfg_default.c...
compiling lpc17xx_mcpwm.c...
compiling lpc17xx_nvic.c...
compiling lpc17xx_pinsel.c...
compiling lpc17xx_pwm.c...
compiling lpc17xx_qei.c...
compiling lpc17xx_rit.c...
compiling lpc17xx_rtc.c...
compiling lpc17xx_spi.c...
compiling lpc17xx_ssp.c...
compiling lpc17xx_systick.c...
compiling lpc17xx_timer.c...
compiling lpc17xx_uart.c...
compiling lpc17xx_wdt.c...
compiling lpc17xx_gpio.c...
linking...
Program Size: Code=16216 RO-data=608 RW-data=112 ZI-data=6600  
FromELF: creating hex file...
".\Project\Output\uCOS-II-test.axf" - 0 Error(s), 0 Warning(s).
Build target 'Target 1'
compiling os_core.c...
compiling os_flag.c...
compiling os_mbox.c...
compiling os_mem.c...
compiling os_mutex.c...
compiling os_q.c...
compiling os_sem.c...
compiling os_task.c...
compiling os_time.c...
compiling os_tmr.c...
compiling os_cpu_c.c...
compiling os_dbg.c...
assembling os_cpu_a.asm...
compiling app.c...
compiling app_hooks.c...
assembling startup_LPC17xx.s...
compiling system_LPC17xx.c...
compiling debug_frmwrk.c...
compiling lpc17xx_adc.c...
compiling lpc17xx_can.c...
compiling lpc17xx_clkpwr.c...
compiling lpc17xx_dac.c...
compiling lpc17xx_emac.c...
compiling lpc17xx_exti.c...
compiling lpc17xx_gpdma.c...
compiling lpc17xx_i2c.c...
compiling lpc17xx_i2s.c...
compiling lpc17xx_iap.c...
compiling lpc17xx_libcfg_default.c...
compiling lpc17xx_mcpwm.c...
compiling lpc17xx_nvic.c...
compiling lpc17xx_pinsel.c...
compiling lpc17xx_pwm.c...
compiling lpc17xx_qei.c...
compiling lpc17xx_rit.c...
compiling lpc17xx_rtc.c...
compiling lpc17xx_spi.c...
compiling lpc17xx_ssp.c...
compiling lpc17xx_systick.c...
compiling lpc17xx_timer.c...
compiling lpc17xx_uart.c...
compiling lpc17xx_wdt.c...
compiling lpc17xx_gpio.c...
linking...
Program Size: Code=16216 RO-data=608 RW-data=112 ZI-data=6600  
FromELF: creating hex file...
".\Project\Output\uCOS-II-test.axf" - 0 Error(s), 0 Warning(s).
Build target 'Target 1'
compiling os_core.c...
compiling os_flag.c...
compiling os_mbox.c...
compiling os_mem.c...
compiling os_mutex.c...
compiling os_q.c...
compiling os_sem.c...
compiling os_task.c...
compiling os_time.c...
compiling os_tmr.c...
compiling os_cpu_c.c...
compiling os_dbg.c...
assembling os_cpu_a.asm...
compiling app.c...
app.c(53): warning:  #177-D: variable "i" was declared but never referenced
compiling app_hooks.c...
assembling startup_LPC17xx.s...
compiling system_LPC17xx.c...
compiling debug_frmwrk.c...
compiling lpc17xx_adc.c...
compiling lpc17xx_can.c...
compiling lpc17xx_clkpwr.c...
compiling lpc17xx_dac.c...
compiling lpc17xx_emac.c...
compiling lpc17xx_exti.c...
compiling lpc17xx_gpdma.c...
compiling lpc17xx_i2c.c...
compiling lpc17xx_i2s.c...
compiling lpc17xx_iap.c...
compiling lpc17xx_libcfg_default.c...
compiling lpc17xx_mcpwm.c...
compiling lpc17xx_nvic.c...
compiling lpc17xx_pinsel.c...
compiling lpc17xx_pwm.c...
compiling lpc17xx_qei.c...
compiling lpc17xx_rit.c...
compiling lpc17xx_rtc.c...
compiling lpc17xx_spi.c...
compiling lpc17xx_ssp.c...
compiling lpc17xx_systick.c...
compiling lpc17xx_timer.c...
compiling lpc17xx_uart.c...
compiling lpc17xx_wdt.c...
compiling lpc17xx_gpio.c...
linking...
Program Size: Code=16188 RO-data=608 RW-data=112 ZI-data=6600  
FromELF: creating hex file...
".\Project\Output\uCOS-II-test.axf" - 0 Error(s), 1 Warning(s).
Build target 'Target 1'
compiling os_core.c...
compiling os_flag.c...
compiling os_mbox.c...
compiling os_mem.c...
compiling os_mutex.c...
compiling os_q.c...
compiling os_sem.c...
compiling os_task.c...
compiling os_time.c...
compiling os_tmr.c...
compiling os_cpu_c.c...
compiling os_dbg.c...
assembling os_cpu_a.asm...
compiling app.c...
compiling app_hooks.c...
assembling startup_LPC17xx.s...
compiling system_LPC17xx.c...
compiling debug_frmwrk.c...
compiling lpc17xx_adc.c...
compiling lpc17xx_can.c...
compiling lpc17xx_clkpwr.c...
compiling lpc17xx_dac.c...
compiling lpc17xx_emac.c...
compiling lpc17xx_exti.c...
compiling lpc17xx_gpdma.c...
compiling lpc17xx_i2c.c...
compiling lpc17xx_i2s.c...
compiling lpc17xx_iap.c...
compiling lpc17xx_libcfg_default.c...
compiling lpc17xx_mcpwm.c...
compiling lpc17xx_nvic.c...
compiling lpc17xx_pinsel.c...
compiling lpc17xx_pwm.c...
compiling lpc17xx_qei.c...
compiling lpc17xx_rit.c...
compiling lpc17xx_rtc.c...
compiling lpc17xx_spi.c...
compiling lpc17xx_ssp.c...
compiling lpc17xx_systick.c...
compiling lpc17xx_timer.c...
compiling lpc17xx_uart.c...
compiling lpc17xx_wdt.c...
compiling lpc17xx_gpio.c...
linking...
Program Size: Code=16216 RO-data=608 RW-data=112 ZI-data=6600  
FromELF: creating hex file...
".\Project\Output\uCOS-II-test.axf" - 0 Error(s), 0 Warning(s).
Build target 'Target 1'
compiling os_core.c...
compiling os_flag.c...
compiling os_mbox.c...
compiling os_mem.c...
compiling os_mutex.c...
compiling os_q.c...
compiling os_sem.c...
compiling os_task.c...
compiling os_time.c...
compiling os_tmr.c...
compiling os_cpu_c.c...
compiling os_dbg.c...
assembling os_cpu_a.asm...
compiling app.c...
compiling app_hooks.c...
assembling startup_LPC17xx.s...
compiling system_LPC17xx.c...
compiling debug_frmwrk.c...
compiling lpc17xx_adc.c...
compiling lpc17xx_can.c...
compiling lpc17xx_clkpwr.c...
compiling lpc17xx_dac.c...
compiling lpc17xx_emac.c...
compiling lpc17xx_exti.c...
compiling lpc17xx_gpdma.c...
compiling lpc17xx_i2c.c...
compiling lpc17xx_i2s.c...
compiling lpc17xx_iap.c...
compiling lpc17xx_libcfg_default.c...
compiling lpc17xx_mcpwm.c...
compiling lpc17xx_nvic.c...
compiling lpc17xx_pinsel.c...
compiling lpc17xx_pwm.c...
compiling lpc17xx_qei.c...
compiling lpc17xx_rit.c...
compiling lpc17xx_rtc.c...
compiling lpc17xx_spi.c...
compiling lpc17xx_ssp.c...
compiling lpc17xx_systick.c...
compiling lpc17xx_timer.c...
compiling lpc17xx_uart.c...
compiling lpc17xx_wdt.c...
compiling lpc17xx_gpio.c...
linking...
Program Size: Code=16216 RO-data=608 RW-data=112 ZI-data=6600  
FromELF: creating hex file...
".\Project\Output\uCOS-II-test.axf" - 0 Error(s), 0 Warning(s).
Build target 'Target 1'
compiling os_core.c...
compiling os_flag.c...
compiling os_mbox.c...
compiling os_mem.c...
compiling os_mutex.c...
compiling os_q.c...
compiling os_sem.c...
compiling os_task.c...
compiling os_time.c...
compiling os_tmr.c...
compiling os_cpu_c.c...
compiling os_dbg.c...
assembling os_cpu_a.asm...
compiling app.c...
compiling app_hooks.c...
assembling startup_LPC17xx.s...
compiling system_LPC17xx.c...
compiling debug_frmwrk.c...
compiling lpc17xx_adc.c...
compiling lpc17xx_can.c...
compiling lpc17xx_clkpwr.c...
compiling lpc17xx_dac.c...
compiling lpc17xx_emac.c...
compiling lpc17xx_exti.c...
compiling lpc17xx_gpdma.c...
compiling lpc17xx_i2c.c...
compiling lpc17xx_i2s.c...
compiling lpc17xx_iap.c...
compiling lpc17xx_libcfg_default.c...
compiling lpc17xx_mcpwm.c...
compiling lpc17xx_nvic.c...
compiling lpc17xx_pinsel.c...
compiling lpc17xx_pwm.c...
compiling lpc17xx_qei.c...
compiling lpc17xx_rit.c...
compiling lpc17xx_rtc.c...
compiling lpc17xx_spi.c...
compiling lpc17xx_ssp.c...
compiling lpc17xx_systick.c...
compiling lpc17xx_timer.c...
compiling lpc17xx_uart.c...
compiling lpc17xx_wdt.c...
compiling lpc17xx_gpio.c...
linking...
Program Size: Code=16216 RO-data=608 RW-data=112 ZI-data=6600  
FromELF: creating hex file...
".\Project\Output\uCOS-II-test.axf" - 0 Error(s), 0 Warning(s).
Build target 'Target 1'
compiling os_core.c...
compiling os_flag.c...
compiling os_mbox.c...
compiling os_mem.c...
compiling os_mutex.c...
compiling os_q.c...
compiling os_sem.c...
compiling os_task.c...
compiling os_time.c...
compiling os_tmr.c...
compiling os_cpu_c.c...
compiling os_dbg.c...
assembling os_cpu_a.asm...
compiling app.c...
app.c(63): error:  #140: too many arguments in function call
app.c(70): error:  #140: too many arguments in function call
app.c(53): warning:  #550-D: variable "i" was set but never used
compiling app_hooks.c...
assembling startup_LPC17xx.s...
compiling system_LPC17xx.c...
compiling debug_frmwrk.c...
compiling lpc17xx_adc.c...
compiling lpc17xx_can.c...
compiling lpc17xx_clkpwr.c...
compiling lpc17xx_dac.c...
compiling lpc17xx_emac.c...
compiling lpc17xx_exti.c...
compiling lpc17xx_gpdma.c...
compiling lpc17xx_i2c.c...
compiling lpc17xx_i2s.c...
compiling lpc17xx_iap.c...
compiling lpc17xx_libcfg_default.c...
compiling lpc17xx_mcpwm.c...
compiling lpc17xx_nvic.c...
compiling lpc17xx_pinsel.c...
compiling lpc17xx_pwm.c...
compiling lpc17xx_qei.c...
compiling lpc17xx_rit.c...
compiling lpc17xx_rtc.c...
compiling lpc17xx_spi.c...
compiling lpc17xx_ssp.c...
compiling lpc17xx_systick.c...
compiling lpc17xx_timer.c...
compiling lpc17xx_uart.c...
compiling lpc17xx_wdt.c...
compiling lpc17xx_gpio.c...
Target not created
Build target 'Target 1'
compiling os_core.c...
compiling os_flag.c...
compiling os_mbox.c...
compiling os_mem.c...
compiling os_mutex.c...
compiling os_q.c...
compiling os_sem.c...
compiling os_task.c...
compiling os_time.c...
compiling os_tmr.c...
compiling os_cpu_c.c...
compiling os_dbg.c...
assembling os_cpu_a.asm...
compiling app.c...
app.c(58): error:  #140: too many arguments in function call
app.c(61): error:  #140: too many arguments in function call
compiling app_hooks.c...
assembling startup_LPC17xx.s...
compiling system_LPC17xx.c...
compiling debug_frmwrk.c...
compiling lpc17xx_adc.c...
compiling lpc17xx_can.c...
compiling lpc17xx_clkpwr.c...
compiling lpc17xx_dac.c...
compiling lpc17xx_emac.c...
compiling lpc17xx_exti.c...
compiling lpc17xx_gpdma.c...
compiling lpc17xx_i2c.c...
compiling lpc17xx_i2s.c...
compiling lpc17xx_iap.c...
compiling lpc17xx_libcfg_default.c...
compiling lpc17xx_mcpwm.c...
compiling lpc17xx_nvic.c...
compiling lpc17xx_pinsel.c...
compiling lpc17xx_pwm.c...
compiling lpc17xx_qei.c...
compiling lpc17xx_rit.c...
compiling lpc17xx_rtc.c...
compiling lpc17xx_spi.c...
compiling lpc17xx_ssp.c...
compiling lpc17xx_systick.c...
compiling lpc17xx_timer.c...
compiling lpc17xx_uart.c...
compiling lpc17xx_wdt.c...
compiling lpc17xx_gpio.c...
Target not created
Build target 'Target 1'
compiling os_core.c...
compiling os_flag.c...
compiling os_mbox.c...
compiling os_mem.c...
compiling os_mutex.c...
compiling os_q.c...
compiling os_sem.c...
compiling os_task.c...
compiling os_time.c...
compiling os_tmr.c...
compiling os_cpu_c.c...
compiling os_dbg.c...
assembling os_cpu_a.asm...
compiling app.c...
app.c(58): error:  #140: too many arguments in function call
app.c(61): error:  #140: too many arguments in function call
compiling app_hooks.c...
assembling startup_LPC17xx.s...
compiling system_LPC17xx.c...
compiling debug_frmwrk.c...
compiling lpc17xx_adc.c...
compiling lpc17xx_can.c...
compiling lpc17xx_clkpwr.c...
compiling lpc17xx_dac.c...
compiling lpc17xx_emac.c...
compiling lpc17xx_exti.c...
compiling lpc17xx_gpdma.c...
compiling lpc17xx_i2c.c...
compiling lpc17xx_i2s.c...
compiling lpc17xx_iap.c...
compiling lpc17xx_libcfg_default.c...
compiling lpc17xx_mcpwm.c...
compiling lpc17xx_nvic.c...
compiling lpc17xx_pinsel.c...
compiling lpc17xx_pwm.c...
compiling lpc17xx_qei.c...
compiling lpc17xx_rit.c...
compiling lpc17xx_rtc.c...
compiling lpc17xx_spi.c...
compiling lpc17xx_ssp.c...
compiling lpc17xx_systick.c...
compiling lpc17xx_timer.c...
compiling lpc17xx_uart.c...
compiling lpc17xx_wdt.c...
compiling lpc17xx_gpio.c...
Target not created
Build target 'Target 1'
compiling os_core.c...
compiling os_flag.c...
compiling os_mbox.c...
compiling os_mem.c...
compiling os_mutex.c...
compiling os_q.c...
compiling os_sem.c...
compiling os_task.c...
compiling os_time.c...
compiling os_tmr.c...
compiling os_cpu_c.c...
compiling os_dbg.c...
assembling os_cpu_a.asm...
compiling app.c...
app.c(58): error:  #140: too many arguments in function call
app.c(61): error:  #140: too many arguments in function call
compiling app_hooks.c...
assembling startup_LPC17xx.s...
compiling system_LPC17xx.c...
compiling debug_frmwrk.c...
compiling lpc17xx_adc.c...
compiling lpc17xx_can.c...
compiling lpc17xx_clkpwr.c...
compiling lpc17xx_dac.c...
compiling lpc17xx_emac.c...
compiling lpc17xx_exti.c...
compiling lpc17xx_gpdma.c...
compiling lpc17xx_i2c.c...
compiling lpc17xx_i2s.c...
compiling lpc17xx_iap.c...
compiling lpc17xx_libcfg_default.c...
compiling lpc17xx_mcpwm.c...
compiling lpc17xx_nvic.c...
compiling lpc17xx_pinsel.c...
compiling lpc17xx_pwm.c...
compiling lpc17xx_qei.c...
compiling lpc17xx_rit.c...
compiling lpc17xx_rtc.c...
compiling lpc17xx_spi.c...
compiling lpc17xx_ssp.c...
compiling lpc17xx_systick.c...
compiling lpc17xx_timer.c...
compiling lpc17xx_uart.c...
compiling lpc17xx_wdt.c...
compiling lpc17xx_gpio.c...
Target not created
Build target 'Target 1'
compiling os_core.c...
compiling os_flag.c...
compiling os_mbox.c...
compiling os_mem.c...
compiling os_mutex.c...
compiling os_q.c...
compiling os_sem.c...
compiling os_task.c...
compiling os_time.c...
compiling os_tmr.c...
compiling os_cpu_c.c...
compiling os_dbg.c...
assembling os_cpu_a.asm...
compiling app.c...
app.c(58): error:  #140: too many arguments in function call
app.c(61): error:  #140: too many arguments in function call
compiling app_hooks.c...
assembling startup_LPC17xx.s...
compiling system_LPC17xx.c...
compiling debug_frmwrk.c...
compiling lpc17xx_adc.c...
compiling lpc17xx_can.c...
compiling lpc17xx_clkpwr.c...
compiling lpc17xx_dac.c...
compiling lpc17xx_emac.c...
compiling lpc17xx_exti.c...
compiling lpc17xx_gpdma.c...
compiling lpc17xx_i2c.c...
compiling lpc17xx_i2s.c...
compiling lpc17xx_iap.c...
compiling lpc17xx_libcfg_default.c...
compiling lpc17xx_mcpwm.c...
compiling lpc17xx_nvic.c...
compiling lpc17xx_pinsel.c...
compiling lpc17xx_pwm.c...
compiling lpc17xx_qei.c...
compiling lpc17xx_rit.c...
compiling lpc17xx_rtc.c...
compiling lpc17xx_spi.c...
compiling lpc17xx_ssp.c...
compiling lpc17xx_systick.c...
compiling lpc17xx_timer.c...
compiling lpc17xx_uart.c...
compiling lpc17xx_wdt.c...
compiling lpc17xx_gpio.c...
Target not created
Build target 'Target 1'
compiling os_core.c...
compiling os_flag.c...
compiling os_mbox.c...
compiling os_mem.c...
compiling os_mutex.c...
compiling os_q.c...
compiling os_sem.c...
compiling os_task.c...
compiling os_time.c...
compiling os_tmr.c...
compiling os_cpu_c.c...
compiling os_dbg.c...
assembling os_cpu_a.asm...
compiling app.c...
app.c(58): error:  #140: too many arguments in function call
app.c(61): error:  #140: too many arguments in function call
compiling app_hooks.c...
assembling startup_LPC17xx.s...
compiling system_LPC17xx.c...
compiling debug_frmwrk.c...
compiling lpc17xx_adc.c...
compiling lpc17xx_can.c...
compiling lpc17xx_clkpwr.c...
compiling lpc17xx_dac.c...
compiling lpc17xx_emac.c...
compiling lpc17xx_exti.c...
compiling lpc17xx_gpdma.c...
compiling lpc17xx_i2c.c...
compiling lpc17xx_i2s.c...
compiling lpc17xx_iap.c...
compiling lpc17xx_libcfg_default.c...
compiling lpc17xx_mcpwm.c...
compiling lpc17xx_nvic.c...
compiling lpc17xx_pinsel.c...
compiling lpc17xx_pwm.c...
compiling lpc17xx_qei.c...
compiling lpc17xx_rit.c...
compiling lpc17xx_rtc.c...
compiling lpc17xx_spi.c...
compiling lpc17xx_ssp.c...
compiling lpc17xx_systick.c...
compiling lpc17xx_timer.c...
compiling lpc17xx_uart.c...
compiling lpc17xx_wdt.c...
compiling lpc17xx_gpio.c...
Target not created
Build target 'Target 1'
compiling os_core.c...
compiling os_flag.c...
compiling os_mbox.c...
compiling os_mem.c...
compiling os_mutex.c...
compiling os_q.c...
compiling os_sem.c...
compiling os_task.c...
compiling os_time.c...
compiling os_tmr.c...
compiling os_cpu_c.c...
compiling os_dbg.c...
assembling os_cpu_a.asm...
compiling app.c...
compiling app_hooks.c...
assembling startup_LPC17xx.s...
compiling system_LPC17xx.c...
compiling debug_frmwrk.c...
compiling lpc17xx_adc.c...
compiling lpc17xx_can.c...
compiling lpc17xx_clkpwr.c...
compiling lpc17xx_dac.c...
compiling lpc17xx_emac.c...
compiling lpc17xx_exti.c...
compiling lpc17xx_gpdma.c...
compiling lpc17xx_i2c.c...
compiling lpc17xx_i2s.c...
compiling lpc17xx_iap.c...
compiling lpc17xx_libcfg_default.c...
compiling lpc17xx_mcpwm.c...
compiling lpc17xx_nvic.c...
compiling lpc17xx_pinsel.c...
compiling lpc17xx_pwm.c...
compiling lpc17xx_qei.c...
compiling lpc17xx_rit.c...
compiling lpc17xx_rtc.c...
compiling lpc17xx_spi.c...
compiling lpc17xx_ssp.c...
compiling lpc17xx_systick.c...
compiling lpc17xx_timer.c...
compiling lpc17xx_uart.c...
compiling lpc17xx_wdt.c...
compiling lpc17xx_gpio.c...
linking...
Program Size: Code=16212 RO-data=608 RW-data=112 ZI-data=6600  
FromELF: creating hex file...
".\Project\Output\uCOS-II-test.axf" - 0 Error(s), 0 Warning(s).
Build target 'Target 1'
compiling os_core.c...
compiling os_flag.c...
compiling os_mbox.c...
compiling os_mem.c...
compiling os_mutex.c...
compiling os_q.c...
compiling os_sem.c...
compiling os_task.c...
compiling os_time.c...
compiling os_tmr.c...
compiling os_cpu_c.c...
compiling os_dbg.c...
assembling os_cpu_a.asm...
compiling app.c...
compiling app_hooks.c...
assembling startup_LPC17xx.s...
compiling system_LPC17xx.c...
compiling debug_frmwrk.c...
compiling lpc17xx_adc.c...
compiling lpc17xx_can.c...
compiling lpc17xx_clkpwr.c...
compiling lpc17xx_dac.c...
compiling lpc17xx_emac.c...
compiling lpc17xx_exti.c...
compiling lpc17xx_gpdma.c...
compiling lpc17xx_i2c.c...
compiling lpc17xx_i2s.c...
compiling lpc17xx_iap.c...
compiling lpc17xx_libcfg_default.c...
compiling lpc17xx_mcpwm.c...
compiling lpc17xx_nvic.c...
compiling lpc17xx_pinsel.c...
compiling lpc17xx_pwm.c...
compiling lpc17xx_qei.c...
compiling lpc17xx_rit.c...
compiling lpc17xx_rtc.c...
compiling lpc17xx_spi.c...
compiling lpc17xx_ssp.c...
compiling lpc17xx_systick.c...
compiling lpc17xx_timer.c...
compiling lpc17xx_uart.c...
compiling lpc17xx_wdt.c...
compiling lpc17xx_gpio.c...
linking...
Program Size: Code=16212 RO-data=608 RW-data=112 ZI-data=6600  
FromELF: creating hex file...
".\Project\Output\uCOS-II-test.axf" - 0 Error(s), 0 Warning(s).
Build target 'Target 1'
compiling os_core.c...
compiling os_flag.c...
compiling os_mbox.c...
compiling os_mem.c...
compiling os_mutex.c...
compiling os_q.c...
compiling os_sem.c...
compiling os_task.c...
compiling os_time.c...
compiling os_tmr.c...
compiling os_cpu_c.c...
compiling os_dbg.c...
assembling os_cpu_a.asm...
compiling app.c...
compiling app_hooks.c...
assembling startup_LPC17xx.s...
compiling system_LPC17xx.c...
compiling debug_frmwrk.c...
compiling lpc17xx_adc.c...
compiling lpc17xx_can.c...
compiling lpc17xx_clkpwr.c...
compiling lpc17xx_dac.c...
compiling lpc17xx_emac.c...
compiling lpc17xx_exti.c...
compiling lpc17xx_gpdma.c...
compiling lpc17xx_i2c.c...
compiling lpc17xx_i2s.c...
compiling lpc17xx_iap.c...
compiling lpc17xx_libcfg_default.c...
compiling lpc17xx_mcpwm.c...
compiling lpc17xx_nvic.c...
compiling lpc17xx_pinsel.c...
compiling lpc17xx_pwm.c...
compiling lpc17xx_qei.c...
compiling lpc17xx_rit.c...
compiling lpc17xx_rtc.c...
compiling lpc17xx_spi.c...
compiling lpc17xx_ssp.c...
compiling lpc17xx_systick.c...
compiling lpc17xx_timer.c...
compiling lpc17xx_uart.c...
compiling lpc17xx_wdt.c...
compiling lpc17xx_gpio.c...
linking...
Program Size: Code=16188 RO-data=608 RW-data=112 ZI-data=6600  
FromELF: creating hex file...
".\Project\Output\uCOS-II-test.axf" - 0 Error(s), 0 Warning(s).
Build target 'Target 1'
compiling os_core.c...
compiling os_flag.c...
compiling os_mbox.c...
compiling os_mem.c...
compiling os_mutex.c...
compiling os_q.c...
compiling os_sem.c...
compiling os_task.c...
compiling os_time.c...
compiling os_tmr.c...
compiling os_cpu_c.c...
compiling os_dbg.c...
assembling os_cpu_a.asm...
compiling app.c...
app.c(75): warning:  #223-D: function "OS_InitTaskIdle" declared implicitly
compiling app_hooks.c...
assembling startup_LPC17xx.s...
compiling system_LPC17xx.c...
compiling debug_frmwrk.c...
compiling lpc17xx_adc.c...
compiling lpc17xx_can.c...
compiling lpc17xx_clkpwr.c...
compiling lpc17xx_dac.c...
compiling lpc17xx_emac.c...
compiling lpc17xx_exti.c...
compiling lpc17xx_gpdma.c...
compiling lpc17xx_i2c.c...
compiling lpc17xx_i2s.c...
compiling lpc17xx_iap.c...
compiling lpc17xx_libcfg_default.c...
compiling lpc17xx_mcpwm.c...
compiling lpc17xx_nvic.c...
compiling lpc17xx_pinsel.c...
compiling lpc17xx_pwm.c...
compiling lpc17xx_qei.c...
compiling lpc17xx_rit.c...
compiling lpc17xx_rtc.c...
compiling lpc17xx_spi.c...
compiling lpc17xx_ssp.c...
compiling lpc17xx_systick.c...
compiling lpc17xx_timer.c...
compiling lpc17xx_uart.c...
compiling lpc17xx_wdt.c...
compiling lpc17xx_gpio.c...
linking...
.\Project\Output\uCOS-II-test.axf: Error: L6218E: Undefined symbol OS_InitTaskIdle (referred from app.o).
Target not created
Build target 'Target 1'
compiling os_core.c...
compiling os_flag.c...
compiling os_mbox.c...
compiling os_mem.c...
compiling os_mutex.c...
compiling os_q.c...
compiling os_sem.c...
compiling os_task.c...
compiling os_time.c...
compiling os_tmr.c...
compiling os_cpu_c.c...
compiling os_dbg.c...
assembling os_cpu_a.asm...
compiling app.c...
app.c(75): warning:  #223-D: function "OS_InitTaskIdle" declared implicitly
compiling app_hooks.c...
assembling startup_LPC17xx.s...
compiling system_LPC17xx.c...
compiling debug_frmwrk.c...
compiling lpc17xx_adc.c...
compiling lpc17xx_can.c...
compiling lpc17xx_clkpwr.c...
compiling lpc17xx_dac.c...
compiling lpc17xx_emac.c...
compiling lpc17xx_exti.c...
compiling lpc17xx_gpdma.c...
compiling lpc17xx_i2c.c...
compiling lpc17xx_i2s.c...
compiling lpc17xx_iap.c...
compiling lpc17xx_libcfg_default.c...
compiling lpc17xx_mcpwm.c...
compiling lpc17xx_nvic.c...
compiling lpc17xx_pinsel.c...
compiling lpc17xx_pwm.c...
compiling lpc17xx_qei.c...
compiling lpc17xx_rit.c...
compiling lpc17xx_rtc.c...
compiling lpc17xx_spi.c...
compiling lpc17xx_ssp.c...
compiling lpc17xx_systick.c...
compiling lpc17xx_timer.c...
compiling lpc17xx_uart.c...
compiling lpc17xx_wdt.c...
compiling lpc17xx_gpio.c...
linking...
.\Project\Output\uCOS-II-test.axf: Error: L6218E: Undefined symbol OS_InitTaskIdle (referred from app.o).
Target not created
Build target 'Target 1'
compiling os_core.c...
compiling os_flag.c...
compiling os_mbox.c...
compiling os_mem.c...
compiling os_mutex.c...
compiling os_q.c...
compiling os_sem.c...
compiling os_task.c...
compiling os_time.c...
compiling os_tmr.c...
compiling os_cpu_c.c...
compiling os_dbg.c...
assembling os_cpu_a.asm...
compiling app.c...
compiling app_hooks.c...
assembling startup_LPC17xx.s...
compiling system_LPC17xx.c...
compiling debug_frmwrk.c...
compiling lpc17xx_adc.c...
compiling lpc17xx_can.c...
compiling lpc17xx_clkpwr.c...
compiling lpc17xx_dac.c...
compiling lpc17xx_emac.c...
compiling lpc17xx_exti.c...
compiling lpc17xx_gpdma.c...
compiling lpc17xx_i2c.c...
compiling lpc17xx_i2s.c...
compiling lpc17xx_iap.c...
compiling lpc17xx_libcfg_default.c...
compiling lpc17xx_mcpwm.c...
compiling lpc17xx_nvic.c...
compiling lpc17xx_pinsel.c...
compiling lpc17xx_pwm.c...
compiling lpc17xx_qei.c...
compiling lpc17xx_rit.c...
compiling lpc17xx_rtc.c...
compiling lpc17xx_spi.c...
compiling lpc17xx_ssp.c...
compiling lpc17xx_systick.c...
compiling lpc17xx_timer.c...
compiling lpc17xx_uart.c...
compiling lpc17xx_wdt.c...
compiling lpc17xx_gpio.c...
linking...
.\Project\Output\uCOS-II-test.axf: Error: L6218E: Undefined symbol OS_InitTaskIdle (referred from app.o).
Target not created
Build target 'Target 1'
compiling os_core.c...
compiling os_flag.c...
compiling os_mbox.c...
compiling os_mem.c...
compiling os_mutex.c...
compiling os_q.c...
compiling os_sem.c...
compiling os_task.c...
compiling os_time.c...
compiling os_tmr.c...
compiling os_cpu_c.c...
compiling os_dbg.c...
assembling os_cpu_a.asm...
compiling app.c...
compiling app_hooks.c...
assembling startup_LPC17xx.s...
compiling system_LPC17xx.c...
compiling debug_frmwrk.c...
compiling lpc17xx_adc.c...
compiling lpc17xx_can.c...
compiling lpc17xx_clkpwr.c...
compiling lpc17xx_dac.c...
compiling lpc17xx_emac.c...
compiling lpc17xx_exti.c...
compiling lpc17xx_gpdma.c...
compiling lpc17xx_i2c.c...
compiling lpc17xx_i2s.c...
compiling lpc17xx_iap.c...
compiling lpc17xx_libcfg_default.c...
compiling lpc17xx_mcpwm.c...
compiling lpc17xx_nvic.c...
compiling lpc17xx_pinsel.c...
compiling lpc17xx_pwm.c...
compiling lpc17xx_qei.c...
compiling lpc17xx_rit.c...
compiling lpc17xx_rtc.c...
compiling lpc17xx_spi.c...
compiling lpc17xx_ssp.c...
compiling lpc17xx_systick.c...
compiling lpc17xx_timer.c...
compiling lpc17xx_uart.c...
compiling lpc17xx_wdt.c...
compiling lpc17xx_gpio.c...
linking...
.\Project\Output\uCOS-II-test.axf: Error: L6218E: Undefined symbol OS_InitTaskIdle (referred from app.o).
Target not created
Build target 'Target 1'
compiling os_core.c...
compiling os_flag.c...
compiling os_mbox.c...
compiling os_mem.c...
compiling os_mutex.c...
compiling os_q.c...
compiling os_sem.c...
compiling os_task.c...
compiling os_time.c...
compiling os_tmr.c...
compiling os_cpu_c.c...
compiling os_dbg.c...
assembling os_cpu_a.asm...
compiling app.c...
app.c(75): warning:  #223-D: function "OS_InitTaskIdle" declared implicitly
compiling app_hooks.c...
assembling startup_LPC17xx.s...
compiling system_LPC17xx.c...
compiling debug_frmwrk.c...
compiling lpc17xx_adc.c...
compiling lpc17xx_can.c...
compiling lpc17xx_clkpwr.c...
compiling lpc17xx_dac.c...
compiling lpc17xx_emac.c...
compiling lpc17xx_exti.c...
compiling lpc17xx_gpdma.c...
compiling lpc17xx_i2c.c...
compiling lpc17xx_i2s.c...
compiling lpc17xx_iap.c...
compiling lpc17xx_libcfg_default.c...
compiling lpc17xx_mcpwm.c...
compiling lpc17xx_nvic.c...
compiling lpc17xx_pinsel.c...
compiling lpc17xx_pwm.c...
compiling lpc17xx_qei.c...
compiling lpc17xx_rit.c...
compiling lpc17xx_rtc.c...
compiling lpc17xx_spi.c...
compiling lpc17xx_ssp.c...
compiling lpc17xx_systick.c...
compiling lpc17xx_timer.c...
compiling lpc17xx_uart.c...
compiling lpc17xx_wdt.c...
compiling lpc17xx_gpio.c...
linking...
.\Project\Output\uCOS-II-test.axf: Error: L6218E: Undefined symbol OS_InitTaskIdle (referred from app.o).
Target not created
Build target 'Target 1'
compiling os_core.c...
compiling os_flag.c...
compiling os_mbox.c...
compiling os_mem.c...
compiling os_mutex.c...
compiling os_q.c...
compiling os_sem.c...
compiling os_task.c...
compiling os_time.c...
compiling os_tmr.c...
compiling os_cpu_c.c...
compiling os_dbg.c...
assembling os_cpu_a.asm...
compiling app.c...
compiling app_hooks.c...
assembling startup_LPC17xx.s...
compiling system_LPC17xx.c...
compiling debug_frmwrk.c...
compiling lpc17xx_adc.c...
compiling lpc17xx_can.c...
compiling lpc17xx_clkpwr.c...
compiling lpc17xx_dac.c...
compiling lpc17xx_emac.c...
compiling lpc17xx_exti.c...
compiling lpc17xx_gpdma.c...
compiling lpc17xx_i2c.c...
compiling lpc17xx_i2s.c...
compiling lpc17xx_iap.c...
compiling lpc17xx_libcfg_default.c...
compiling lpc17xx_mcpwm.c...
compiling lpc17xx_nvic.c...
compiling lpc17xx_pinsel.c...
compiling lpc17xx_pwm.c...
compiling lpc17xx_qei.c...
compiling lpc17xx_rit.c...
compiling lpc17xx_rtc.c...
compiling lpc17xx_spi.c...
compiling lpc17xx_ssp.c...
compiling lpc17xx_systick.c...
compiling lpc17xx_timer.c...
compiling lpc17xx_uart.c...
compiling lpc17xx_wdt.c...
compiling lpc17xx_gpio.c...
linking...
.\Project\Output\uCOS-II-test.axf: Error: L6218E: Undefined symbol OS_InitTaskIdle (referred from app.o).
Target not created
Build target 'Target 1'
compiling os_core.c...
compiling os_flag.c...
compiling os_mbox.c...
compiling os_mem.c...
compiling os_mutex.c...
compiling os_q.c...
compiling os_sem.c...
compiling os_task.c...
compiling os_time.c...
compiling os_tmr.c...
compiling os_cpu_c.c...
compiling os_dbg.c...
assembling os_cpu_a.asm...
compiling app.c...
compiling app_hooks.c...
assembling startup_LPC17xx.s...
compiling system_LPC17xx.c...
compiling debug_frmwrk.c...
compiling lpc17xx_adc.c...
compiling lpc17xx_can.c...
compiling lpc17xx_clkpwr.c...
compiling lpc17xx_dac.c...
compiling lpc17xx_emac.c...
compiling lpc17xx_exti.c...
compiling lpc17xx_gpdma.c...
compiling lpc17xx_i2c.c...
compiling lpc17xx_i2s.c...
compiling lpc17xx_iap.c...
compiling lpc17xx_libcfg_default.c...
compiling lpc17xx_mcpwm.c...
compiling lpc17xx_nvic.c...
compiling lpc17xx_pinsel.c...
compiling lpc17xx_pwm.c...
compiling lpc17xx_qei.c...
compiling lpc17xx_rit.c...
compiling lpc17xx_rtc.c...
compiling lpc17xx_spi.c...
compiling lpc17xx_ssp.c...
compiling lpc17xx_systick.c...
compiling lpc17xx_timer.c...
compiling lpc17xx_uart.c...
compiling lpc17xx_wdt.c...
compiling lpc17xx_gpio.c...
linking...
Program Size: Code=16212 RO-data=608 RW-data=112 ZI-data=6600  
FromELF: creating hex file...
".\Project\Output\uCOS-II-test.axf" - 0 Error(s), 0 Warning(s).
Build target 'Target 1'
compiling os_core.c...
compiling os_flag.c...
compiling os_mbox.c...
compiling os_mem.c...
compiling os_mutex.c...
compiling os_q.c...
compiling os_sem.c...
compiling os_task.c...
compiling os_time.c...
compiling os_tmr.c...
compiling os_cpu_c.c...
compiling os_dbg.c...
assembling os_cpu_a.asm...
compiling app.c...
compiling app_hooks.c...
assembling startup_LPC17xx.s...
compiling system_LPC17xx.c...
compiling debug_frmwrk.c...
compiling lpc17xx_adc.c...
compiling lpc17xx_can.c...
compiling lpc17xx_clkpwr.c...
compiling lpc17xx_dac.c...
compiling lpc17xx_emac.c...
compiling lpc17xx_exti.c...
compiling lpc17xx_gpdma.c...
compiling lpc17xx_i2c.c...
compiling lpc17xx_i2s.c...
compiling lpc17xx_iap.c...
compiling lpc17xx_libcfg_default.c...
compiling lpc17xx_mcpwm.c...
compiling lpc17xx_nvic.c...
compiling lpc17xx_pinsel.c...
compiling lpc17xx_pwm.c...
compiling lpc17xx_qei.c...
compiling lpc17xx_rit.c...
compiling lpc17xx_rtc.c...
compiling lpc17xx_spi.c...
compiling lpc17xx_ssp.c...
compiling lpc17xx_systick.c...
compiling lpc17xx_timer.c...
compiling lpc17xx_uart.c...
compiling lpc17xx_wdt.c...
compiling lpc17xx_gpio.c...
linking...
.\Project\Output\uCOS-II-test.axf: Error: L6218E: Undefined symbol OS_InitTaskIdle (referred from app.o).
Target not created
Build target 'Target 1'
compiling os_core.c...
compiling os_flag.c...
compiling os_mbox.c...
compiling os_mem.c...
compiling os_mutex.c...
compiling os_q.c...
compiling os_sem.c...
compiling os_task.c...
compiling os_time.c...
compiling os_tmr.c...
compiling os_cpu_c.c...
compiling os_dbg.c...
assembling os_cpu_a.asm...
compiling app.c...
app.c(75): warning:  #223-D: function "OS_InitTaskIdle" declared implicitly
compiling app_hooks.c...
assembling startup_LPC17xx.s...
compiling system_LPC17xx.c...
compiling debug_frmwrk.c...
compiling lpc17xx_adc.c...
compiling lpc17xx_can.c...
compiling lpc17xx_clkpwr.c...
compiling lpc17xx_dac.c...
compiling lpc17xx_emac.c...
compiling lpc17xx_exti.c...
compiling lpc17xx_gpdma.c...
compiling lpc17xx_i2c.c...
compiling lpc17xx_i2s.c...
compiling lpc17xx_iap.c...
compiling lpc17xx_libcfg_default.c...
compiling lpc17xx_mcpwm.c...
compiling lpc17xx_nvic.c...
compiling lpc17xx_pinsel.c...
compiling lpc17xx_pwm.c...
compiling lpc17xx_qei.c...
compiling lpc17xx_rit.c...
compiling lpc17xx_rtc.c...
compiling lpc17xx_spi.c...
compiling lpc17xx_ssp.c...
compiling lpc17xx_systick.c...
compiling lpc17xx_timer.c...
compiling lpc17xx_uart.c...
compiling lpc17xx_wdt.c...
compiling lpc17xx_gpio.c...
linking...
.\Project\Output\uCOS-II-test.axf: Error: L6218E: Undefined symbol OS_InitTaskIdle (referred from app.o).
Target not created
Build target 'Target 1'
compiling os_core.c...
compiling os_flag.c...
compiling os_mbox.c...
compiling os_mem.c...
compiling os_mutex.c...
compiling os_q.c...
compiling os_sem.c...
compiling os_task.c...
compiling os_time.c...
compiling os_tmr.c...
compiling os_cpu_c.c...
compiling os_dbg.c...
assembling os_cpu_a.asm...
compiling app.c...
app.c(75): warning:  #223-D: function "OS_InitTaskIdle" declared implicitly
compiling app_hooks.c...
assembling startup_LPC17xx.s...
compiling system_LPC17xx.c...
compiling debug_frmwrk.c...
compiling lpc17xx_adc.c...
compiling lpc17xx_can.c...
compiling lpc17xx_clkpwr.c...
compiling lpc17xx_dac.c...
compiling lpc17xx_emac.c...
compiling lpc17xx_exti.c...
compiling lpc17xx_gpdma.c...
compiling lpc17xx_i2c.c...
compiling lpc17xx_i2s.c...
compiling lpc17xx_iap.c...
compiling lpc17xx_libcfg_default.c...
compiling lpc17xx_mcpwm.c...
compiling lpc17xx_nvic.c...
compiling lpc17xx_pinsel.c...
compiling lpc17xx_pwm.c...
compiling lpc17xx_qei.c...
compiling lpc17xx_rit.c...
compiling lpc17xx_rtc.c...
compiling lpc17xx_spi.c...
compiling lpc17xx_ssp.c...
compiling lpc17xx_systick.c...
compiling lpc17xx_timer.c...
compiling lpc17xx_uart.c...
compiling lpc17xx_wdt.c...
compiling lpc17xx_gpio.c...
linking...
.\Project\Output\uCOS-II-test.axf: Error: L6218E: Undefined symbol OS_InitTaskIdle (referred from app.o).
Target not created
Build target 'Target 1'
compiling os_core.c...
compiling os_flag.c...
compiling os_mbox.c...
compiling os_mem.c...
compiling os_mutex.c...
compiling os_q.c...
compiling os_sem.c...
compiling os_task.c...
compiling os_time.c...
compiling os_tmr.c...
compiling os_cpu_c.c...
compiling os_dbg.c...
assembling os_cpu_a.asm...
compiling app.c...
compiling app_hooks.c...
assembling startup_LPC17xx.s...
compiling system_LPC17xx.c...
compiling debug_frmwrk.c...
compiling lpc17xx_adc.c...
compiling lpc17xx_can.c...
compiling lpc17xx_clkpwr.c...
compiling lpc17xx_dac.c...
compiling lpc17xx_emac.c...
compiling lpc17xx_exti.c...
compiling lpc17xx_gpdma.c...
compiling lpc17xx_i2c.c...
compiling lpc17xx_i2s.c...
compiling lpc17xx_iap.c...
compiling lpc17xx_libcfg_default.c...
compiling lpc17xx_mcpwm.c...
compiling lpc17xx_nvic.c...
compiling lpc17xx_pinsel.c...
compiling lpc17xx_pwm.c...
compiling lpc17xx_qei.c...
compiling lpc17xx_rit.c...
compiling lpc17xx_rtc.c...
compiling lpc17xx_spi.c...
compiling lpc17xx_ssp.c...
compiling lpc17xx_systick.c...
compiling lpc17xx_timer.c...
compiling lpc17xx_uart.c...
compiling lpc17xx_wdt.c...
compiling lpc17xx_gpio.c...
linking...
.\Project\Output\uCOS-II-test.axf: Error: L6218E: Undefined symbol OS_InitTaskIdle (referred from app.o).
Target not created
