<html>
<body>
<pre>
<h1>礦ision Build Log</h1>
<h2>Tool Versions:</h2>
IDE-Version: μVision V5.23.0.0
Copyright (C) 2017 ARM Ltd and ARM Germany GmbH. All rights reserved.
License Information: key key, red, LIC=HN001-C9DTG-6QA0X-HVDV2-VZYPU-SSW4I
 
Tool Versions:
Toolchain:       MDK-ARM Plus  Version: 5.23
Toolchain Path:  C:\Keil_v5\ARM\ARMCC\Bin
C Compiler:      Armcc.exe V5.06 update 4 (build 422)
Assembler:       Armasm.exe V5.06 update 4 (build 422)
Linker/Locator:  ArmLink.exe V5.06 update 4 (build 422)
Library Manager: ArmAr.exe V5.06 update 4 (build 422)
Hex Converter:   FromElf.exe V5.06 update 4 (build 422)
CPU DLL:         SARMCM3.DLL V5.23
Dialog DLL:      DARMP1.DLL V1.27.0.0
Target DLL:      Segger\JL2CM3.dll V2.99.23.0
Dialog DLL:      TARMP1.DLL V1.26.0.0
 
<h2>Project:</h2>
F:\设计文件\能耗系统\设计\软件部分\uCOS-II Dip - 现场会试验\uCOS-II\uCOS-II-test.uvprojx
Project File Date:  03/09/2017

<h2>Output:</h2>
*** Using Compiler 'V5.06 update 4 (build 422)', folder: 'C:\Keil_v5\ARM\ARMCC\Bin'
Build target 'Target 1'
compiling os_mem.c...
compiling os_mbox.c...
compiling os_sem.c...
compiling os_q.c...
compiling os_mutex.c...
compiling os_flag.c...
compiling os_core.c...
assembling os_cpu_a.asm...
compiling os_time.c...
compiling os_dbg.c...
compiling os_tmr.c...
compiling os_cpu_c.c...
compiling os_task.c...
assembling startup_LPC17xx.s...
compiling lpc17xx_adc.c...
compiling lpc17xx_clkpwr.c...
compiling system_LPC17xx.c...
compiling debug_frmwrk.c...
CSB\source\debug_frmwrk.c(295): warning:  #223-D: function "SendCOM0" declared implicitly
     SendCOM0(a,strlen(a));
CSB\source\debug_frmwrk.c(319): warning:  #223-D: function "SendCOM1" declared implicitly
     SendCOM1(a,strlen(a));
CSB\source\debug_frmwrk.c(303): warning:  #550-D: variable "cnt"  was set but never used
     uint32   cnt;
CSB\source\debug_frmwrk.c(347): warning:  #223-D: function "DelayX10ms" declared implicitly
  	DelayX10ms(2);
CSB\source\debug_frmwrk.c: 4 warnings, 0 errors
compiling app_hooks.c...
compiling app.c...
compiling lpc17xx_dac.c...
compiling lpc17xx_exti.c...
compiling lpc17xx_emac.c...
compiling lpc17xx_can.c...
compiling lpc17xx_libcfg_default.c...
compiling lpc17xx_gpdma.c...
compiling lpc17xx_iap.c...
compiling lpc17xx_i2s.c...
compiling lpc17xx_i2c.c...
compiling lpc17xx_nvic.c...
compiling lpc17xx_pinsel.c...
compiling lpc17xx_mcpwm.c...
compiling lpc17xx_pwm.c...
compiling lpc17xx_qei.c...
compiling lpc17xx_rit.c...
compiling lpc17xx_spi.c...
compiling lpc17xx_systick.c...
compiling lpc17xx_rtc.c...
compiling lpc17xx_ssp.c...
compiling lpc17xx_timer.c...
compiling lpc17xx_wdt.c...
compiling lpc17xx_uart.c...
compiling lpc17xx_gpio.c...
compiling GPIO_Test.c...
compiling MX25L1602Drv.c...
compiling GPIO_APP.c...
compiling UART1.c...
compiling UART2.c...
compiling UART3.c...
compiling UART0002.c...
compiling UART0001.c...
compiling UART0.c...
compiling ADC.c...
compiling timer.c...
compiling CrcCheck.c...
compiling FIFO.c...
compiling GlobePara.c...
compiling RS485 .c...
compiling GetDipPrs.c...
compiling power.c...
compiling tmp.c...
compiling Tax2.c...
compiling DipComOperate.c...
..\DipSoftware\MastConTask\DipComOperate.c(396): warning:  #550-D: variable "addflg"  was set but never used
  	static	char	addflg = 0;
..\DipSoftware\MastConTask\DipComOperate.c(773): warning:  #177-D: variable "time"  was declared but never referenced
      static  int     time;
..\DipSoftware\MastConTask\DipComOperate.c: 2 warnings, 0 errors
compiling csnr.c...
compiling cnsccomdeal.c...
..\DipSoftware\SlaveConTask\cnsccomdeal.c(45): warning:  #177-D: variable "sFlshRecbuf"  was declared but never referenced
  	uint8		sFlshRecbuf[128];	
..\DipSoftware\SlaveConTask\cnsccomdeal.c(46): warning:  #177-D: variable "i"  was declared but never referenced
  	uint32	i;
..\DipSoftware\SlaveConTask\cnsccomdeal.c: 2 warnings, 0 errors
compiling cnscpackdeal.c...
..\DipSoftware\SlaveConTask\cnscpackdeal.c(18): warning:  #177-D: variable "FramNum"  was declared but never referenced
  	unsigned char 	    FramNum =0;						//序号
..\DipSoftware\SlaveConTask\cnscpackdeal.c: 1 warning, 0 errors
compiling DS3231.c...
compiling Display.c...
compiling FramStore.c...
compiling Led.c...
compiling WatchDog.C...
compiling IIC.c...
compiling SoftSpi_17xx.c...
compiling FRAM.c...
compiling DealOilBox.c...
..\DipSoftware\DataDealTask\DealOilBox.c(823): warning:  #177-D: variable "StartPointNum"  was declared but never referenced
  	uint16		StartPointNum;
..\DipSoftware\DataDealTask\DealOilBox.c: 1 warning, 0 errors
compiling StoreRec.c...
..\DipSoftware\DataDealTask\StoreRec.c(276): warning:  #177-D: variable "u32tmp"  was declared but never referenced
      uint32              u32tmp;
..\DipSoftware\DataDealTask\StoreRec.c: 1 warning, 0 errors
compiling RecModel.c...
compiling MathDipVal.c...
..\DipSoftware\DataDealTask\MathDipVal.c(1099): warning:  #177-D: variable "times"  was declared but never referenced
  	static	uint32		times = 0;
..\DipSoftware\DataDealTask\MathDipVal.c: 1 warning, 0 errors
compiling Card.c...
compiling OperateCard.c...
compiling DataCard.c...
compiling ParaCard.c...
compiling CardTest.c...
compiling EquimentOperate.c...
compiling EquimentCom.c...
..\DipSoftware\EquipmentOperate\EquimentCom.c(293): warning:  #177-D: variable "DataLen"  was declared but never referenced
  	unsigned char		DataLen = 16;
..\DipSoftware\EquipmentOperate\EquimentCom.c(299): warning:  #177-D: variable "i"  was declared but never referenced
  	uint8		i;
..\DipSoftware\EquipmentOperate\EquimentCom.c: 2 warnings, 0 errors
compiling storespeed.C...
compiling speed1.C...
..\DipSoftware\speed\speed1.C(119): warning:  #177-D: variable "lstaddspeed"  was declared but never referenced
  	static	int32	lstaddspeed = 0;
..\DipSoftware\speed\speed1.C: 1 warning, 0 errors
compiling speed2.C...
..\DipSoftware\speed\speed2.C(122): warning:  #177-D: variable "lstaddspeed"  was declared but never referenced
  	static	int32	lstaddspeed;
..\DipSoftware\speed\speed2.C: 1 warning, 0 errors
compiling mstcsspeed.C...
..\DipSoftware\speed\mstcsspeed.C(110): warning:  #177-D: variable "TimeCnt"  was declared but never referenced
  	uint32	TimeCnt;
..\DipSoftware\speed\mstcsspeed.C(111): warning:  #177-D: variable "DistInSec"  was declared but never referenced
  	uint32	DistInSec;
..\DipSoftware\speed\mstcsspeed.C(112): warning:  #177-D: variable "speed"  was declared but never referenced
  	uint16	speed;
..\DipSoftware\speed\mstcsspeed.C(114): warning:  #177-D: variable "times"  was declared but never referenced
  	uint32	times = 0;
..\DipSoftware\speed\mstcsspeed.C(115): warning:  #177-D: variable "avg"  was declared but never referenced
  	uint32	avg;
..\DipSoftware\speed\mstcsspeed.C: 5 warnings, 0 errors
compiling locoworksta.C...
linking...
Program Size: Code=78258 RO-data=2250 RW-data=3356 ZI-data=26212  
FromELF: creating hex file...
After Build - User command #1: fromelf --bin .\Project\Output\uCOS-II-test.axf --output iap1000.bin
".\Project\Output\uCOS-II-test.axf" - 0 Error(s), 21 Warning(s).

<h2>Software Packages used:</h2>

Package Vendor: ARM
                http://www.keil.com/pack/ARM.CMSIS.5.0.1.pack
                ARM::CMSIS:CORE:5.0.1
                CMSIS (Cortex Microcontroller Software Interface Standard)
   * Component: CORE Version: 5.0.1

<h2>Collection of Component include folders:</h2>
  .\RTE\_Target_1
  C:\Keil_v5\ARM\PACK\ARM\CMSIS\5.0.1\CMSIS\Include
  C:\Keil_v5\ARM\PACK\Keil\LPC1700_DFP\2.3.0\Device\Include

<h2>Collection of Component Files used:</h2>

   * Component: ARM::CMSIS:CORE:5.0.1
Build Time Elapsed:  00:00:04
</pre>
</body>
</html>
